+ Start training model with parameters GTCNTrainParams(model_params=GTCNParams(id='final', GCN_CLASS=<class 'src.gtcn.gcn.GCNLayerFingerPool'>, TCN_CLASS=<class 'src.gtcn.tcn.TCNLayerWeightPool'>, CLASSIFIER_CLASS=<class 'src.gtcn.classifier.DoubleHeadClassifier'>, WINDOW_LENGTH=15, GCN_DIMS=[16, 32], GCN_DROPOUT=0.2, TCN_CHANNELS=[64, 64, 64, 64], TCN_KERNEL_SIZE=3, TCN_DILATIONS=[1, 2, 4, 8], TCN_DROPOUT=0.3, CLASSIFIER_DIM=128, DOUBLE_HEAD_BCE_WEIGHT=0.1, PROB_THRESHOLD=0.6), training_dataset_path='./datasets/train_base.pkl', model_path='./models/final.pth', weight_mode='simple', batch_size=32, learning_rate=0.001, epochs=200)
> Label weights: [0.1 1.  1.  1.  1.  1.  1. ]
Epoch [1/200], Loss: 1.0033
Epoch [2/200], Loss: 0.5922
Epoch [3/200], Loss: 0.4572
Epoch [4/200], Loss: 0.4119
Epoch [5/200], Loss: 0.3387
Epoch [6/200], Loss: 0.3104
Epoch [7/200], Loss: 0.2752
Epoch [8/200], Loss: 0.2592
Epoch [9/200], Loss: 0.2412
Epoch [10/200], Loss: 0.2193
Epoch [11/200], Loss: 0.2276
Epoch [12/200], Loss: 0.2218
Epoch [13/200], Loss: 0.1996
Epoch [14/200], Loss: 0.2051
Epoch [15/200], Loss: 0.1905
Epoch [16/200], Loss: 0.1874
Epoch [17/200], Loss: 0.1710
Epoch [18/200], Loss: 0.1662
Epoch [19/200], Loss: 0.1734
Epoch [20/200], Loss: 0.1660
Epoch [21/200], Loss: 0.1649
Epoch [22/200], Loss: 0.1695
Epoch [23/200], Loss: 0.1396
Epoch [24/200], Loss: 0.1345
Epoch [25/200], Loss: 0.1404
Epoch [26/200], Loss: 0.1481
Epoch [27/200], Loss: 0.1344
Epoch [28/200], Loss: 0.1293
Epoch [29/200], Loss: 0.1307
Epoch [30/200], Loss: 0.1326
Epoch [31/200], Loss: 0.1205
Epoch [32/200], Loss: 0.1200
Epoch [33/200], Loss: 0.1195
Epoch [34/200], Loss: 0.1362
Epoch [35/200], Loss: 0.1343
Epoch [36/200], Loss: 0.1261
Epoch [37/200], Loss: 0.1201
Epoch [38/200], Loss: 0.1049
Epoch [39/200], Loss: 0.1219
Epoch [40/200], Loss: 0.1168
Epoch [41/200], Loss: 0.1135
Epoch [42/200], Loss: 0.1099
Epoch [43/200], Loss: 0.1098
Epoch [44/200], Loss: 0.1044
Epoch [45/200], Loss: 0.1130
Epoch [46/200], Loss: 0.0993
Epoch [47/200], Loss: 0.0986
Epoch [48/200], Loss: 0.0978
Epoch [49/200], Loss: 0.1056
Epoch [50/200], Loss: 0.1089
Epoch [51/200], Loss: 0.0946
Epoch [52/200], Loss: 0.1009
Epoch [53/200], Loss: 0.1063
Epoch [54/200], Loss: 0.1004
Epoch [55/200], Loss: 0.1035
Epoch [56/200], Loss: 0.0873
Epoch [57/200], Loss: 0.0930
Epoch [58/200], Loss: 0.0959
Epoch [59/200], Loss: 0.0950
Epoch [60/200], Loss: 0.0881
Epoch [61/200], Loss: 0.0952
Epoch [62/200], Loss: 0.0839
Epoch [63/200], Loss: 0.0882
Epoch [64/200], Loss: 0.0921
Epoch [65/200], Loss: 0.0894
Epoch [66/200], Loss: 0.0946
Epoch [67/200], Loss: 0.0935
Epoch [68/200], Loss: 0.0809
Epoch [69/200], Loss: 0.0834
Epoch [70/200], Loss: 0.0871
Epoch [71/200], Loss: 0.0913
Epoch [72/200], Loss: 0.0874
Epoch [73/200], Loss: 0.0790
Epoch [74/200], Loss: 0.0855
Epoch [75/200], Loss: 0.0966
Epoch [76/200], Loss: 0.0943
Epoch [77/200], Loss: 0.0927
Epoch [78/200], Loss: 0.0833
Epoch [79/200], Loss: 0.1002
Epoch [80/200], Loss: 0.0793
Epoch [81/200], Loss: 0.0903
Epoch [82/200], Loss: 0.0777
Epoch [83/200], Loss: 0.0777
Epoch [84/200], Loss: 0.0793
Epoch [85/200], Loss: 0.0798
Epoch [86/200], Loss: 0.0847
Epoch [87/200], Loss: 0.0787
Epoch [88/200], Loss: 0.0936
Epoch [89/200], Loss: 0.0727
Epoch [90/200], Loss: 0.0810
Epoch [91/200], Loss: 0.0769
Epoch [92/200], Loss: 0.0679
Epoch [93/200], Loss: 0.0813
Epoch [94/200], Loss: 0.0778
Epoch [95/200], Loss: 0.0629
Epoch [96/200], Loss: 0.0791
Epoch [97/200], Loss: 0.0852
Epoch [98/200], Loss: 0.0683
Epoch [99/200], Loss: 0.0666
Epoch [100/200], Loss: 0.0799
Epoch [101/200], Loss: 0.0784
Epoch [102/200], Loss: 0.0727
Epoch [103/200], Loss: 0.0702
Epoch [104/200], Loss: 0.0711
Epoch [105/200], Loss: 0.0750
Early stopping triggered.

Training completed in 538.68 seconds.
+ Start training model with parameters GTCNTrainParams(model_params=GTCNParams(id='final', GCN_CLASS=<class 'src.gtcn.gcn.GCNLayerFingerPool'>, TCN_CLASS=<class 'src.gtcn.tcn.TCNLayerWeightPool'>, CLASSIFIER_CLASS=<class 'src.gtcn.classifier.DoubleHeadClassifier'>, WINDOW_LENGTH=15, GCN_DIMS=[16, 32], GCN_DROPOUT=0.2, TCN_CHANNELS=[64, 64, 64, 64], TCN_KERNEL_SIZE=3, TCN_DILATIONS=[1, 2, 4, 8], TCN_DROPOUT=0.3, CLASSIFIER_DIM=128, DOUBLE_HEAD_BCE_WEIGHT=0.1, PROB_THRESHOLD=0.6), training_dataset_path='./datasets/train_peek1.pkl', model_path='./models/final_peek1.pth', weight_mode='simple', batch_size=32, learning_rate=0.001, epochs=200)
> Label weights: [0.1 1.  1.  1.  1.  1.  1. ]
Epoch [1/200], Loss: 0.9683
Epoch [2/200], Loss: 0.5968
Epoch [3/200], Loss: 0.4359
Epoch [4/200], Loss: 0.3644
Epoch [5/200], Loss: 0.3205
Epoch [6/200], Loss: 0.3236
Epoch [7/200], Loss: 0.2869
Epoch [8/200], Loss: 0.2520
Epoch [9/200], Loss: 0.2320
Epoch [10/200], Loss: 0.2183
Epoch [11/200], Loss: 0.1886
Epoch [12/200], Loss: 0.2231
Epoch [13/200], Loss: 0.2232
Epoch [14/200], Loss: 0.1847
Epoch [15/200], Loss: 0.1766
Epoch [16/200], Loss: 0.1737
Epoch [17/200], Loss: 0.1759
Epoch [18/200], Loss: 0.1742
Epoch [19/200], Loss: 0.1551
Epoch [20/200], Loss: 0.1522
Epoch [21/200], Loss: 0.1404
Epoch [22/200], Loss: 0.1471
Epoch [23/200], Loss: 0.1484
Epoch [24/200], Loss: 0.1550
Epoch [25/200], Loss: 0.1529
Epoch [26/200], Loss: 0.1259
Epoch [27/200], Loss: 0.1291
Epoch [28/200], Loss: 0.1347
Epoch [29/200], Loss: 0.1372
Epoch [30/200], Loss: 0.1070
Epoch [31/200], Loss: 0.1414
Epoch [32/200], Loss: 0.1123
Epoch [33/200], Loss: 0.1075
Epoch [34/200], Loss: 0.1230
Epoch [35/200], Loss: 0.1281
Epoch [36/200], Loss: 0.1027
Epoch [37/200], Loss: 0.1218
Epoch [38/200], Loss: 0.1123
Epoch [39/200], Loss: 0.1163
Epoch [40/200], Loss: 0.1280
Epoch [41/200], Loss: 0.1334
Epoch [42/200], Loss: 0.1233
Epoch [43/200], Loss: 0.1431
Epoch [44/200], Loss: 0.1347
Epoch [45/200], Loss: 0.1077
Epoch [46/200], Loss: 0.0885
Epoch [47/200], Loss: 0.1016
Epoch [48/200], Loss: 0.1228
Epoch [49/200], Loss: 0.0967
Epoch [50/200], Loss: 0.0899
Epoch [51/200], Loss: 0.1032
Epoch [52/200], Loss: 0.0973
Epoch [53/200], Loss: 0.0808
Epoch [54/200], Loss: 0.1364
Epoch [55/200], Loss: 0.1237
Epoch [56/200], Loss: 0.1297
Epoch [57/200], Loss: 0.0876
Epoch [58/200], Loss: 0.0848
Epoch [59/200], Loss: 0.0817
Epoch [60/200], Loss: 0.0811
Epoch [61/200], Loss: 0.1126
Epoch [62/200], Loss: 0.0961
Epoch [63/200], Loss: 0.0754
Epoch [64/200], Loss: 0.0955
Epoch [65/200], Loss: 0.0855
Epoch [66/200], Loss: 0.0794
Epoch [67/200], Loss: 0.0783
Epoch [68/200], Loss: 0.1343
Epoch [69/200], Loss: 0.1055
Epoch [70/200], Loss: 0.0891
Epoch [71/200], Loss: 0.0869
Epoch [72/200], Loss: 0.0945
Epoch [73/200], Loss: 0.0875
Early stopping triggered.

Training completed in 378.95 seconds.
+ Start training model with parameters GTCNTrainParams(model_params=GTCNParams(id='final', GCN_CLASS=<class 'src.gtcn.gcn.GCNLayerFingerPool'>, TCN_CLASS=<class 'src.gtcn.tcn.TCNLayerWeightPool'>, CLASSIFIER_CLASS=<class 'src.gtcn.classifier.DoubleHeadClassifier'>, WINDOW_LENGTH=15, GCN_DIMS=[16, 32], GCN_DROPOUT=0.2, TCN_CHANNELS=[64, 64, 64, 64], TCN_KERNEL_SIZE=3, TCN_DILATIONS=[1, 2, 4, 8], TCN_DROPOUT=0.3, CLASSIFIER_DIM=128, DOUBLE_HEAD_BCE_WEIGHT=0.1, PROB_THRESHOLD=0.6), training_dataset_path='./datasets/train_peek5.pkl', model_path='./models/final_peek5.pth', weight_mode='simple', batch_size=32, learning_rate=0.001, epochs=200)
> Label weights: [0.1 1.  1.  1.  1.  1.  1. ]
Epoch [1/200], Loss: 0.9652
Epoch [2/200], Loss: 0.6041
Epoch [3/200], Loss: 0.4486
Epoch [4/200], Loss: 0.3817
Epoch [5/200], Loss: 0.3310
Epoch [6/200], Loss: 0.2879
Epoch [7/200], Loss: 0.2526
Epoch [8/200], Loss: 0.2320
Epoch [9/200], Loss: 0.2193
Epoch [10/200], Loss: 0.2104
Epoch [11/200], Loss: 0.1924
Epoch [12/200], Loss: 0.1623
Epoch [13/200], Loss: 0.1723
Epoch [14/200], Loss: 0.1524
Epoch [15/200], Loss: 0.1509
Epoch [16/200], Loss: 0.1419
Epoch [17/200], Loss: 0.1509
Epoch [18/200], Loss: 0.1479
Epoch [19/200], Loss: 0.1456
Epoch [20/200], Loss: 0.1324
Epoch [21/200], Loss: 0.1355
Epoch [22/200], Loss: 0.1303
Epoch [23/200], Loss: 0.1174
Epoch [24/200], Loss: 0.1021
Epoch [25/200], Loss: 0.1018
Epoch [26/200], Loss: 0.1100
Epoch [27/200], Loss: 0.1293
Epoch [28/200], Loss: 0.1094
Epoch [29/200], Loss: 0.0966
Epoch [30/200], Loss: 0.1102
Epoch [31/200], Loss: 0.1024
Epoch [32/200], Loss: 0.0967
Epoch [33/200], Loss: 0.0984
Epoch [34/200], Loss: 0.0931
Epoch [35/200], Loss: 0.0963
Epoch [36/200], Loss: 0.1037
Epoch [37/200], Loss: 0.0901
Epoch [38/200], Loss: 0.0895
Epoch [39/200], Loss: 0.0816
Epoch [40/200], Loss: 0.0786
Epoch [41/200], Loss: 0.0852
Epoch [42/200], Loss: 0.0888
Epoch [43/200], Loss: 0.0909
Epoch [44/200], Loss: 0.0733
Epoch [45/200], Loss: 0.0751
Epoch [46/200], Loss: 0.0777
Epoch [47/200], Loss: 0.0864
Epoch [48/200], Loss: 0.0839
Epoch [49/200], Loss: 0.0661
Epoch [50/200], Loss: 0.0714
Epoch [51/200], Loss: 0.0886
Epoch [52/200], Loss: 0.0761
Epoch [53/200], Loss: 0.0830
Epoch [54/200], Loss: 0.0651
Epoch [55/200], Loss: 0.0775
Epoch [56/200], Loss: 0.0747
Epoch [57/200], Loss: 0.0654
Epoch [58/200], Loss: 0.0686
Epoch [59/200], Loss: 0.0725
Epoch [60/200], Loss: 0.0678
Epoch [61/200], Loss: 0.0624
Epoch [62/200], Loss: 0.0867
Epoch [63/200], Loss: 0.0697
Epoch [64/200], Loss: 0.0617
Epoch [65/200], Loss: 0.0711
Epoch [66/200], Loss: 0.0643
Epoch [67/200], Loss: 0.0681
Epoch [68/200], Loss: 0.0646
Epoch [69/200], Loss: 0.0894
Epoch [70/200], Loss: 0.0764
Epoch [71/200], Loss: 0.0671
Epoch [72/200], Loss: 0.0678
Epoch [73/200], Loss: 0.0664
Epoch [74/200], Loss: 0.0561
Epoch [75/200], Loss: 0.0618
Epoch [76/200], Loss: 0.0617
Epoch [77/200], Loss: 0.0698
Epoch [78/200], Loss: 0.0576
Epoch [79/200], Loss: 0.0599
Epoch [80/200], Loss: 0.0644
Epoch [81/200], Loss: 0.0653
Epoch [82/200], Loss: 0.0708
Epoch [83/200], Loss: 0.0580
Epoch [84/200], Loss: 0.0569
Early stopping triggered.

Training completed in 430.01 seconds.
+ Start testing model from ./models/final.pth on dataset ./datasets/test_base.pkl
model hyperparameters: GTCNParams(id='final', GCN_CLASS=<class 'src.gtcn.gcn.GCNLayerFingerPool'>, TCN_CLASS=<class 'src.gtcn.tcn.TCNLayerWeightPool'>, CLASSIFIER_CLASS=<class 'src.gtcn.classifier.DoubleHeadClassifier'>, WINDOW_LENGTH=15, GCN_DIMS=[16, 32], GCN_DROPOUT=0.2, TCN_CHANNELS=[64, 64, 64, 64], TCN_KERNEL_SIZE=3, TCN_DILATIONS=[1, 2, 4, 8], TCN_DROPOUT=0.3, CLASSIFIER_DIM=128, DOUBLE_HEAD_BCE_WEIGHT=0.1, PROB_THRESHOLD=0.9)

Test completed in 2.01 seconds.
+ Start testing model from ./models/final_peek1.pth on dataset ./datasets/test_peek1.pkl
model hyperparameters: GTCNParams(id='final', GCN_CLASS=<class 'src.gtcn.gcn.GCNLayerFingerPool'>, TCN_CLASS=<class 'src.gtcn.tcn.TCNLayerWeightPool'>, CLASSIFIER_CLASS=<class 'src.gtcn.classifier.DoubleHeadClassifier'>, WINDOW_LENGTH=15, GCN_DIMS=[16, 32], GCN_DROPOUT=0.2, TCN_CHANNELS=[64, 64, 64, 64], TCN_KERNEL_SIZE=3, TCN_DILATIONS=[1, 2, 4, 8], TCN_DROPOUT=0.3, CLASSIFIER_DIM=128, DOUBLE_HEAD_BCE_WEIGHT=0.1, PROB_THRESHOLD=0.9)

Test completed in 2.08 seconds.
+ Start testing model from ./models/final_peek5.pth on dataset ./datasets/test_peek5.pkl
model hyperparameters: GTCNParams(id='final', GCN_CLASS=<class 'src.gtcn.gcn.GCNLayerFingerPool'>, TCN_CLASS=<class 'src.gtcn.tcn.TCNLayerWeightPool'>, CLASSIFIER_CLASS=<class 'src.gtcn.classifier.DoubleHeadClassifier'>, WINDOW_LENGTH=15, GCN_DIMS=[16, 32], GCN_DROPOUT=0.2, TCN_CHANNELS=[64, 64, 64, 64], TCN_KERNEL_SIZE=3, TCN_DILATIONS=[1, 2, 4, 8], TCN_DROPOUT=0.3, CLASSIFIER_DIM=128, DOUBLE_HEAD_BCE_WEIGHT=0.1, PROB_THRESHOLD=0.9)

Test completed in 2.10 seconds.

================================================================================
EVALUATION REPORT OF FINAL
================================================================================
True Positive Rate: 0.4871, False Positive Rate: 0.2535, Jaccard Index: 0.3002
Classification Report:
              precision    recall  f1-score   support

        NONE       0.64      0.76      0.69      2775
        GRAB       0.39      0.37      0.38       453
       PINCH       0.88      0.67      0.76       608
         TAP       0.42      0.71      0.52       421
        DENY       0.90      0.79      0.84      1249
        KNOB       0.86      0.65      0.74      1207
      EXPAND       0.57      0.25      0.35       358

    accuracy                           0.68      7071
   macro avg       0.67      0.60      0.61      7071
weighted avg       0.71      0.68      0.69      7071

Confusion Matrix:
[[2110  143   44  242  101   81   54]
 [ 237  166    0    0    4   40    6]
 [ 186    9  405    6    0    2    0]
 [ 114    0    1  298    8    0    0]
 [  87    0    8  169  981    1    3]
 [ 326   85    0    0    2  789    5]
 [ 244   24    0    0    0    0   90]]

================================================================================
EVALUATION REPORT OF FINAL_PEEK1
================================================================================
True Positive Rate: 0.4812, False Positive Rate: 0.1783, Jaccard Index: 0.3333
Classification Report:
              precision    recall  f1-score   support

        NONE       0.59      0.83      0.69      2775
        GRAB       0.50      0.23      0.32       453
       PINCH       0.89      0.67      0.76       608
         TAP       0.48      0.45      0.47       421
        DENY       0.88      0.88      0.88      1249
        KNOB       0.84      0.54      0.66      1207
      EXPAND       0.81      0.26      0.39       358

    accuracy                           0.68      7071
   macro avg       0.71      0.55      0.60      7071
weighted avg       0.71      0.68      0.67      7071

Confusion Matrix:
[[2296   58   45  112  136  107   21]
 [ 328  106    0    4    0   14    1]
 [ 195    0  405    3    0    5    0]
 [ 209    2    3  191   16    0    0]
 [  76    0    0   76 1097    0    0]
 [ 514   29    0    9    0  655    0]
 [ 249   17    0    0    0    0   92]]

================================================================================
EVALUATION REPORT OF FINAL_PEEK5
================================================================================
True Positive Rate: 0.5387, False Positive Rate: 0.1841, Jaccard Index: 0.3732
Classification Report:
              precision    recall  f1-score   support

        NONE       0.66      0.82      0.73      2775
        GRAB       0.50      0.27      0.35       453
       PINCH       0.83      0.72      0.77       608
         TAP       0.50      0.51      0.50       421
        DENY       0.89      0.87      0.88      1249
        KNOB       0.90      0.76      0.82      1207
      EXPAND       0.75      0.29      0.42       358

    accuracy                           0.73      7071
   macro avg       0.72      0.61      0.64      7071
weighted avg       0.74      0.73      0.72      7071

Confusion Matrix:
[[2286   51   91  121  104   92   30]
 [ 316  123    0    0    0   10    4]
 [ 159    8  440    0    0    1    0]
 [ 173    0    0  215   33    0    0]
 [  62    0    2   95 1090    0    0]
 [ 258   37    0    0    0  912    0]
 [ 230   25    0    0    0    0  103]]

====================================================================================================
EVALUATION METRICS COMPARISON ACROSS MODELS
====================================================================================================

Model                          Jaccard Index        True Positive        False Positive      
----------------------------------------------------------------------------------------------------
final_peek5                    0.3732               0.5387               0.1841              
final_peek1                    0.3333               0.4812               0.1783              
final                          0.3002               0.4871               0.2535              
