Training GTCN Model with params ID: default
Performing 5-Fold Grouped Cross-Validation
Total sequences: 106
Sequences per fold: [22, 21, 21, 21, 21]

====================
 Fold 1/5
 Validation sequences: [1, 5, 11, 12, 14, 20, 32, 35, 44, 46, 49, 57, 66, 67, 69, 80, 81, 82, 84, 96, 100, 103]
====================
Train samples: 15625, Val samples: 4651
[Fold 1] Epoch 1/10 - Train Loss: 2.4876
[Fold 1] Epoch 5/10 - Train Loss: 1.7027
[Fold 1] Epoch 10/10 - Train Loss: 1.2363

[Fold 1] Validation Loss: 1.6363
[Fold 1] Macro F1: 0.3434
[Fold 1] Accuracy: 0.3492

====================
 Fold 2/5
 Validation sequences: [6, 10, 17, 18, 24, 28, 30, 33, 37, 38, 41, 42, 47, 55, 64, 75, 78, 79, 91, 98, 107]
====================
Train samples: 16092, Val samples: 4184
[Fold 2] Epoch 1/10 - Train Loss: 2.4684
[Fold 2] Epoch 5/10 - Train Loss: 1.7371
[Fold 2] Epoch 10/10 - Train Loss: 1.3414

[Fold 2] Validation Loss: 1.7891
[Fold 2] Macro F1: 0.2765
[Fold 2] Accuracy: 0.2670

====================
 Fold 3/5
 Validation sequences: [4, 7, 8, 9, 15, 19, 21, 26, 27, 29, 36, 40, 45, 51, 58, 68, 71, 72, 88, 93, 101]
====================
Train samples: 16657, Val samples: 3619
[Fold 3] Epoch 1/10 - Train Loss: 2.4763
[Fold 3] Epoch 5/10 - Train Loss: 1.7303
[Fold 3] Epoch 10/10 - Train Loss: 1.2378

[Fold 3] Validation Loss: 1.5990
[Fold 3] Macro F1: 0.3153
[Fold 3] Accuracy: 0.2747

====================
 Fold 4/5
 Validation sequences: [34, 43, 48, 50, 52, 56, 59, 60, 61, 63, 65, 70, 74, 77, 86, 87, 94, 102, 104, 106, 108]
====================
Train samples: 16149, Val samples: 4127
[Fold 4] Epoch 1/10 - Train Loss: 2.4880
[Fold 4] Epoch 5/10 - Train Loss: 1.8153
[Fold 4] Epoch 10/10 - Train Loss: 1.4103

[Fold 4] Validation Loss: 2.1808
[Fold 4] Macro F1: 0.2296
[Fold 4] Accuracy: 0.2389

====================
 Fold 5/5
 Validation sequences: [2, 3, 16, 22, 23, 25, 31, 39, 53, 54, 62, 73, 76, 85, 89, 90, 92, 95, 97, 99, 105]
====================
Train samples: 16581, Val samples: 3695
[Fold 5] Epoch 1/10 - Train Loss: 2.4880
[Fold 5] Epoch 5/10 - Train Loss: 1.8039
[Fold 5] Epoch 10/10 - Train Loss: 1.2179

[Fold 5] Validation Loss: 1.8561
[Fold 5] Macro F1: 0.2414
[Fold 5] Accuracy: 0.2149

====================
 5-Fold Grouped Cross-Validation Results
====================
Fold 1 (seqs 1,5,11,12,14,20,32,35,44,46,49,57,66,67,69,80,81,82,84,96,100,103): F1=0.3434, Acc=0.3492
Fold 2 (seqs 6,10,17,18,24,28,30,33,37,38,41,42,47,55,64,75,78,79,91,98,107): F1=0.2765, Acc=0.2670
Fold 3 (seqs 4,7,8,9,15,19,21,26,27,29,36,40,45,51,58,68,71,72,88,93,101): F1=0.3153, Acc=0.2747
Fold 4 (seqs 34,43,48,50,52,56,59,60,61,63,65,70,74,77,86,87,94,102,104,106,108): F1=0.2296, Acc=0.2389
Fold 5 (seqs 2,3,16,22,23,25,31,39,53,54,62,73,76,85,89,90,92,95,97,99,105): F1=0.2414, Acc=0.2149

Average Macro F1: 0.2813 (±0.0431)
Average Accuracy: 0.2689 (±0.0454)
Completed with time: 207.99s

