
=== Training model 'base' on dataset 'base' ===
+ Start training model with parameters GTCNTrainParams(model_params=GTCNParams(id='base_model', GCN_CLASS=<class 'src.gtcn.gcn.GCNLayerFingerPool'>, TCN_CLASS=<class 'src.gtcn.tcn.TCNLayerLastStep'>, CLASSIFIER_CLASS=<class 'src.gtcn.classifier.RegularClassifier'>, WINDOW_LENGTH=15, GCN_DIMS=[16], GCN_DROPOUT=0.2, TCN_CHANNELS=[64, 64, 64], TCN_KERNEL_SIZE=3, TCN_DILATIONS=[1, 2, 4], TCN_DROPOUT=0.2, DOUBLE_HEAD_BCE_WEIGHT=0.1, PROB_THRESHOLD=0.6), training_dataset_path='./src/datasets/training_base.pkl', model_path='./src/models/base.pth', weight_mode=None, batch_size=32, learning_rate=0.002, epochs=150)
> Creating GestureDataset with 9674 samples.
> Label weights: [1. 1. 1. 1. 1. 1. 1.]
Epoch [1/150], Loss: 1.1915
Epoch [2/150], Loss: 0.7925
Epoch [3/150], Loss: 0.6530
Epoch [4/150], Loss: 0.5908
Epoch [5/150], Loss: 0.5504
Epoch [6/150], Loss: 0.5183
Epoch [7/150], Loss: 0.5122
Epoch [8/150], Loss: 0.4879
Epoch [9/150], Loss: 0.4662
Epoch [10/150], Loss: 0.4574
Epoch [11/150], Loss: 0.4476
Epoch [12/150], Loss: 0.4394
Epoch [13/150], Loss: 0.4293
Epoch [14/150], Loss: 0.4106
Epoch [15/150], Loss: 0.4158
Epoch [16/150], Loss: 0.4075
Epoch [17/150], Loss: 0.3889
Epoch [18/150], Loss: 0.3855
Epoch [19/150], Loss: 0.3843
Epoch [20/150], Loss: 0.3953
Epoch [21/150], Loss: 0.3773
Epoch [22/150], Loss: 0.3655
Epoch [23/150], Loss: 0.3649
Epoch [24/150], Loss: 0.3595
Epoch [25/150], Loss: 0.3612
Epoch [26/150], Loss: 0.3479
Epoch [27/150], Loss: 0.3549
Epoch [28/150], Loss: 0.3450
Epoch [29/150], Loss: 0.3348
Epoch [30/150], Loss: 0.3501
Epoch [31/150], Loss: 0.3323
Epoch [32/150], Loss: 0.3387
Epoch [33/150], Loss: 0.3266
Epoch [34/150], Loss: 0.3297
Epoch [35/150], Loss: 0.3281
Epoch [36/150], Loss: 0.3192
Epoch [37/150], Loss: 0.3277
Epoch [38/150], Loss: 0.3177
Epoch [39/150], Loss: 0.3094
Epoch [40/150], Loss: 0.3105
Epoch [41/150], Loss: 0.3095
Epoch [42/150], Loss: 0.3113
Epoch [43/150], Loss: 0.3188
Epoch [44/150], Loss: 0.3014
Epoch [45/150], Loss: 0.3022
Epoch [46/150], Loss: 0.3128
Epoch [47/150], Loss: 0.2972
Epoch [48/150], Loss: 0.2935
Epoch [49/150], Loss: 0.2954
Epoch [50/150], Loss: 0.2939
Epoch [51/150], Loss: 0.2893
Epoch [52/150], Loss: 0.2923
Epoch [53/150], Loss: 0.2801
Epoch [54/150], Loss: 0.2844
Epoch [55/150], Loss: 0.2999
Epoch [56/150], Loss: 0.2906
Epoch [57/150], Loss: 0.2895
Epoch [58/150], Loss: 0.2827
Epoch [59/150], Loss: 0.2858
Epoch [60/150], Loss: 0.2747
Epoch [61/150], Loss: 0.2822
Epoch [62/150], Loss: 0.2832
Epoch [63/150], Loss: 0.2735
Epoch [64/150], Loss: 0.2763
Epoch [65/150], Loss: 0.2815
Epoch [66/150], Loss: 0.2748
Epoch [67/150], Loss: 0.2846
Epoch [68/150], Loss: 0.2802
Epoch [69/150], Loss: 0.2743
Epoch [70/150], Loss: 0.2699
Epoch [71/150], Loss: 0.2773
Epoch [72/150], Loss: 0.2670
Epoch [73/150], Loss: 0.2610
Epoch [74/150], Loss: 0.2637
Epoch [75/150], Loss: 0.2647
Epoch [76/150], Loss: 0.2717
Epoch [77/150], Loss: 0.2687
Epoch [78/150], Loss: 0.2638
Epoch [79/150], Loss: 0.2649
Epoch [80/150], Loss: 0.2516
Epoch [81/150], Loss: 0.2718
Epoch [82/150], Loss: 0.2556
Epoch [83/150], Loss: 0.2633
Epoch [84/150], Loss: 0.2549
Epoch [85/150], Loss: 0.2537
Epoch [86/150], Loss: 0.2513
Epoch [87/150], Loss: 0.2652
Epoch [88/150], Loss: 0.2565
Epoch [89/150], Loss: 0.2567
Epoch [90/150], Loss: 0.2551
Epoch [91/150], Loss: 0.2549
Epoch [92/150], Loss: 0.2505
Epoch [93/150], Loss: 0.2506
Epoch [94/150], Loss: 0.2470
Epoch [95/150], Loss: 0.2589
Epoch [96/150], Loss: 0.2521
Epoch [97/150], Loss: 0.2429
Epoch [98/150], Loss: 0.2493
Epoch [99/150], Loss: 0.2455
Epoch [100/150], Loss: 0.2452
Epoch [101/150], Loss: 0.2418
Epoch [102/150], Loss: 0.2404
Epoch [103/150], Loss: 0.2462
Epoch [104/150], Loss: 0.2465
Epoch [105/150], Loss: 0.2497
Epoch [106/150], Loss: 0.2430
Epoch [107/150], Loss: 0.2454
Epoch [108/150], Loss: 0.2376
Epoch [109/150], Loss: 0.2327
Epoch [110/150], Loss: 0.2353
Epoch [111/150], Loss: 0.2439
Epoch [112/150], Loss: 0.2333
Epoch [113/150], Loss: 0.2364
Epoch [114/150], Loss: 0.2451
Epoch [115/150], Loss: 0.2336
Epoch [116/150], Loss: 0.2366
Epoch [117/150], Loss: 0.2457
Epoch [118/150], Loss: 0.2358
Epoch [119/150], Loss: 0.2280
Epoch [120/150], Loss: 0.2349
Epoch [121/150], Loss: 0.2328
Epoch [122/150], Loss: 0.2371
Epoch [123/150], Loss: 0.2343
Epoch [124/150], Loss: 0.2347
Epoch [125/150], Loss: 0.2351
Epoch [126/150], Loss: 0.2210
Epoch [127/150], Loss: 0.2371
Epoch [128/150], Loss: 0.2352
Epoch [129/150], Loss: 0.2339
Epoch [130/150], Loss: 0.2355
Epoch [131/150], Loss: 0.2393
Epoch [132/150], Loss: 0.2231
Epoch [133/150], Loss: 0.2350
Epoch [134/150], Loss: 0.2332
Epoch [135/150], Loss: 0.2166
Epoch [136/150], Loss: 0.2188
Epoch [137/150], Loss: 0.2230
Epoch [138/150], Loss: 0.2311
Epoch [139/150], Loss: 0.2281
Epoch [140/150], Loss: 0.2238
Epoch [141/150], Loss: 0.2267
Epoch [142/150], Loss: 0.2200
Epoch [143/150], Loss: 0.2218
Epoch [144/150], Loss: 0.2276
Epoch [145/150], Loss: 0.2296
Early stopping triggered.

Training completed in 551.33 seconds.

=== Training model 'base_simple' on dataset 'base' ===
+ Start training model with parameters GTCNTrainParams(model_params=GTCNParams(id='base_model', GCN_CLASS=<class 'src.gtcn.gcn.GCNLayerFingerPool'>, TCN_CLASS=<class 'src.gtcn.tcn.TCNLayerLastStep'>, CLASSIFIER_CLASS=<class 'src.gtcn.classifier.RegularClassifier'>, WINDOW_LENGTH=15, GCN_DIMS=[16], GCN_DROPOUT=0.2, TCN_CHANNELS=[64, 64, 64], TCN_KERNEL_SIZE=3, TCN_DILATIONS=[1, 2, 4], TCN_DROPOUT=0.2, DOUBLE_HEAD_BCE_WEIGHT=0.1, PROB_THRESHOLD=0.6), training_dataset_path='./src/datasets/training_base.pkl', model_path='./src/models/base_simple.pth', weight_mode='simple', batch_size=32, learning_rate=0.002, epochs=150)
> Creating GestureDataset with 9674 samples.
> Label weights: [0.1 1.  1.  1.  1.  1.  1. ]
Epoch [1/150], Loss: 1.1007
Epoch [2/150], Loss: 0.6291
Epoch [3/150], Loss: 0.4915
Epoch [4/150], Loss: 0.4244
Epoch [5/150], Loss: 0.4074
Epoch [6/150], Loss: 0.3848
Epoch [7/150], Loss: 0.3334
Epoch [8/150], Loss: 0.3317
Epoch [9/150], Loss: 0.3049
Epoch [10/150], Loss: 0.2928
Epoch [11/150], Loss: 0.2971
Epoch [12/150], Loss: 0.2824
Epoch [13/150], Loss: 0.2741
Epoch [14/150], Loss: 0.2751
Epoch [15/150], Loss: 0.2558
Epoch [16/150], Loss: 0.2708
Epoch [17/150], Loss: 0.2612
Epoch [18/150], Loss: 0.2421
Epoch [19/150], Loss: 0.2371
Epoch [20/150], Loss: 0.2406
Epoch [21/150], Loss: 0.2353
Epoch [22/150], Loss: 0.2443
Epoch [23/150], Loss: 0.2241
Epoch [24/150], Loss: 0.2233
Epoch [25/150], Loss: 0.2347
Epoch [26/150], Loss: 0.2179
Epoch [27/150], Loss: 0.2182
Epoch [28/150], Loss: 0.2182
Epoch [29/150], Loss: 0.2172
Epoch [30/150], Loss: 0.2252
Epoch [31/150], Loss: 0.2060
Epoch [32/150], Loss: 0.2134
Epoch [33/150], Loss: 0.2298
Epoch [34/150], Loss: 0.2113
Epoch [35/150], Loss: 0.2094
Epoch [36/150], Loss: 0.2108
Epoch [37/150], Loss: 0.2107
Epoch [38/150], Loss: 0.1954
Epoch [39/150], Loss: 0.1873
Epoch [40/150], Loss: 0.1926
Epoch [41/150], Loss: 0.2016
Epoch [42/150], Loss: 0.1877
Epoch [43/150], Loss: 0.1946
Epoch [44/150], Loss: 0.1911
Epoch [45/150], Loss: 0.1846
Epoch [46/150], Loss: 0.1821
Epoch [47/150], Loss: 0.1849
Epoch [48/150], Loss: 0.1846
Epoch [49/150], Loss: 0.1849
Epoch [50/150], Loss: 0.1821
Epoch [51/150], Loss: 0.1808
Epoch [52/150], Loss: 0.1641
Epoch [53/150], Loss: 0.1858
Epoch [54/150], Loss: 0.1751
Epoch [55/150], Loss: 0.1800
Epoch [56/150], Loss: 0.1809
Epoch [57/150], Loss: 0.1702
Epoch [58/150], Loss: 0.1821
Epoch [59/150], Loss: 0.1703
Epoch [60/150], Loss: 0.1707
Epoch [61/150], Loss: 0.1758
Epoch [62/150], Loss: 0.1777
Early stopping triggered.

Training completed in 225.77 seconds.

=== Training model 'base_balanced' on dataset 'base' ===
+ Start training model with parameters GTCNTrainParams(model_params=GTCNParams(id='base_model', GCN_CLASS=<class 'src.gtcn.gcn.GCNLayerFingerPool'>, TCN_CLASS=<class 'src.gtcn.tcn.TCNLayerLastStep'>, CLASSIFIER_CLASS=<class 'src.gtcn.classifier.RegularClassifier'>, WINDOW_LENGTH=15, GCN_DIMS=[16], GCN_DROPOUT=0.2, TCN_CHANNELS=[64, 64, 64], TCN_KERNEL_SIZE=3, TCN_DILATIONS=[1, 2, 4], TCN_DROPOUT=0.2, DOUBLE_HEAD_BCE_WEIGHT=0.1, PROB_THRESHOLD=0.6), training_dataset_path='./src/datasets/training_base.pkl', model_path='./src/models/base_balanced.pth', weight_mode='balanced', batch_size=32, learning_rate=0.002, epochs=150)
> Creating GestureDataset with 9674 samples.
> Label weights: [0.3221445 2.050445  2.3463497 2.9529915 0.6986855 1.0525514 3.8176796]
Epoch [1/150], Loss: 1.4280
Epoch [2/150], Loss: 0.8587
Epoch [3/150], Loss: 0.6663
Epoch [4/150], Loss: 0.5881
Epoch [5/150], Loss: 0.5410
Epoch [6/150], Loss: 0.4965
Epoch [7/150], Loss: 0.4660
Epoch [8/150], Loss: 0.4572
Epoch [9/150], Loss: 0.4360
Epoch [10/150], Loss: 0.4116
Epoch [11/150], Loss: 0.3961
Epoch [12/150], Loss: 0.3803
Epoch [13/150], Loss: 0.3727
Epoch [14/150], Loss: 0.3782
Epoch [15/150], Loss: 0.3635
Epoch [16/150], Loss: 0.3644
Epoch [17/150], Loss: 0.3687
Epoch [18/150], Loss: 0.3515
Epoch [19/150], Loss: 0.3389
Epoch [20/150], Loss: 0.3357
Epoch [21/150], Loss: 0.3571
Epoch [22/150], Loss: 0.3373
Epoch [23/150], Loss: 0.3315
Epoch [24/150], Loss: 0.3107
Epoch [25/150], Loss: 0.3158
Epoch [26/150], Loss: 0.3140
Epoch [27/150], Loss: 0.3108
Epoch [28/150], Loss: 0.3063
Epoch [29/150], Loss: 0.3111
Epoch [30/150], Loss: 0.3052
Epoch [31/150], Loss: 0.3020
Epoch [32/150], Loss: 0.2937
Epoch [33/150], Loss: 0.2939
Epoch [34/150], Loss: 0.3128
Epoch [35/150], Loss: 0.2875
Epoch [36/150], Loss: 0.2904
Epoch [37/150], Loss: 0.2888
Epoch [38/150], Loss: 0.2981
Epoch [39/150], Loss: 0.2810
Epoch [40/150], Loss: 0.2855
Epoch [41/150], Loss: 0.2896
Epoch [42/150], Loss: 0.2763
Epoch [43/150], Loss: 0.2828
Epoch [44/150], Loss: 0.2726
Epoch [45/150], Loss: 0.2868
Epoch [46/150], Loss: 0.2754
Epoch [47/150], Loss: 0.2687
Epoch [48/150], Loss: 0.2618
Epoch [49/150], Loss: 0.2777
Epoch [50/150], Loss: 0.2696
Epoch [51/150], Loss: 0.2768
Epoch [52/150], Loss: 0.2549
Epoch [53/150], Loss: 0.2531
Epoch [54/150], Loss: 0.2733
Epoch [55/150], Loss: 0.2724
Epoch [56/150], Loss: 0.2453
Epoch [57/150], Loss: 0.2474
Epoch [58/150], Loss: 0.2503
Epoch [59/150], Loss: 0.2460
Epoch [60/150], Loss: 0.2563
Epoch [61/150], Loss: 0.2572
Epoch [62/150], Loss: 0.2555
Epoch [63/150], Loss: 0.2585
Epoch [64/150], Loss: 0.2437
Epoch [65/150], Loss: 0.2542
Epoch [66/150], Loss: 0.2505
Epoch [67/150], Loss: 0.2436
Epoch [68/150], Loss: 0.2434
Epoch [69/150], Loss: 0.2199
Epoch [70/150], Loss: 0.2344
Epoch [71/150], Loss: 0.2515
Epoch [72/150], Loss: 0.2318
Epoch [73/150], Loss: 0.2297
Epoch [74/150], Loss: 0.2416
Epoch [75/150], Loss: 0.2344
Epoch [76/150], Loss: 0.2491
Epoch [77/150], Loss: 0.2176
Epoch [78/150], Loss: 0.2356
Epoch [79/150], Loss: 0.2318
Epoch [80/150], Loss: 0.2350
Epoch [81/150], Loss: 0.2379
Epoch [82/150], Loss: 0.2319
Epoch [83/150], Loss: 0.2248
Epoch [84/150], Loss: 0.2187
Epoch [85/150], Loss: 0.2219
Epoch [86/150], Loss: 0.2277
Epoch [87/150], Loss: 0.2273
Early stopping triggered.

Training completed in 352.58 seconds.

=== Training model 'base_peek5' on dataset 'peek5' ===
+ Start training model with parameters GTCNTrainParams(model_params=GTCNParams(id='base_model', GCN_CLASS=<class 'src.gtcn.gcn.GCNLayerFingerPool'>, TCN_CLASS=<class 'src.gtcn.tcn.TCNLayerLastStep'>, CLASSIFIER_CLASS=<class 'src.gtcn.classifier.RegularClassifier'>, WINDOW_LENGTH=15, GCN_DIMS=[16], GCN_DROPOUT=0.2, TCN_CHANNELS=[64, 64, 64], TCN_KERNEL_SIZE=3, TCN_DILATIONS=[1, 2, 4], TCN_DROPOUT=0.2, DOUBLE_HEAD_BCE_WEIGHT=0.1, PROB_THRESHOLD=0.6), training_dataset_path='./src/datasets/training_peek5.pkl', model_path='./src/models/base_peek5.pth', weight_mode=None, batch_size=32, learning_rate=0.002, epochs=150)
> Creating GestureDataset with 9674 samples.
> Label weights: [1. 1. 1. 1. 1. 1. 1.]
Epoch [1/150], Loss: 1.2068
Epoch [2/150], Loss: 0.8144
Epoch [3/150], Loss: 0.6738
Epoch [4/150], Loss: 0.5870
Epoch [5/150], Loss: 0.5367
Epoch [6/150], Loss: 0.5137
Epoch [7/150], Loss: 0.4883
Epoch [8/150], Loss: 0.4575
Epoch [9/150], Loss: 0.4465
Epoch [10/150], Loss: 0.4377
Epoch [11/150], Loss: 0.4165
Epoch [12/150], Loss: 0.4005
Epoch [13/150], Loss: 0.4028
Epoch [14/150], Loss: 0.3891
Epoch [15/150], Loss: 0.3803
Epoch [16/150], Loss: 0.3798
Epoch [17/150], Loss: 0.3678
Epoch [18/150], Loss: 0.3627
Epoch [19/150], Loss: 0.3550
Epoch [20/150], Loss: 0.3506
Epoch [21/150], Loss: 0.3487
Epoch [22/150], Loss: 0.3345
Epoch [23/150], Loss: 0.3317
Epoch [24/150], Loss: 0.3351
Epoch [25/150], Loss: 0.3328
Epoch [26/150], Loss: 0.3253
Epoch [27/150], Loss: 0.3285
Epoch [28/150], Loss: 0.3238
Epoch [29/150], Loss: 0.3166
Epoch [30/150], Loss: 0.3159
Epoch [31/150], Loss: 0.3115
Epoch [32/150], Loss: 0.3077
Epoch [33/150], Loss: 0.3114
Epoch [34/150], Loss: 0.3016
Epoch [35/150], Loss: 0.3016
Epoch [36/150], Loss: 0.2983
Epoch [37/150], Loss: 0.2910
Epoch [38/150], Loss: 0.2920
Epoch [39/150], Loss: 0.2842
Epoch [40/150], Loss: 0.2915
Epoch [41/150], Loss: 0.2912
Epoch [42/150], Loss: 0.2836
Epoch [43/150], Loss: 0.2836
Epoch [44/150], Loss: 0.2797
Epoch [45/150], Loss: 0.2786
Epoch [46/150], Loss: 0.2862
Epoch [47/150], Loss: 0.2756
Epoch [48/150], Loss: 0.2795
Epoch [49/150], Loss: 0.2783
Epoch [50/150], Loss: 0.2629
Epoch [51/150], Loss: 0.2677
Epoch [52/150], Loss: 0.2685
Epoch [53/150], Loss: 0.2639
Epoch [54/150], Loss: 0.2663
Epoch [55/150], Loss: 0.2627
Epoch [56/150], Loss: 0.2603
Epoch [57/150], Loss: 0.2596
Epoch [58/150], Loss: 0.2627
Epoch [59/150], Loss: 0.2617
Epoch [60/150], Loss: 0.2438
Epoch [61/150], Loss: 0.2579
Epoch [62/150], Loss: 0.2460
Epoch [63/150], Loss: 0.2587
Epoch [64/150], Loss: 0.2504
Epoch [65/150], Loss: 0.2565
Epoch [66/150], Loss: 0.2538
Epoch [67/150], Loss: 0.2485
Epoch [68/150], Loss: 0.2490
Epoch [69/150], Loss: 0.2444
Epoch [70/150], Loss: 0.2407
Epoch [71/150], Loss: 0.2467
Epoch [72/150], Loss: 0.2490
Epoch [73/150], Loss: 0.2463
Epoch [74/150], Loss: 0.2331
Epoch [75/150], Loss: 0.2394
Epoch [76/150], Loss: 0.2462
Epoch [77/150], Loss: 0.2489
Epoch [78/150], Loss: 0.2360
Epoch [79/150], Loss: 0.2370
Epoch [80/150], Loss: 0.2305
Epoch [81/150], Loss: 0.2291
Epoch [82/150], Loss: 0.2347
Epoch [83/150], Loss: 0.2296
Epoch [84/150], Loss: 0.2359
Epoch [85/150], Loss: 0.2306
Epoch [86/150], Loss: 0.2351
Epoch [87/150], Loss: 0.2277
Epoch [88/150], Loss: 0.2292
Epoch [89/150], Loss: 0.2270
Epoch [90/150], Loss: 0.2377
Epoch [91/150], Loss: 0.2364
Epoch [92/150], Loss: 0.2271
Epoch [93/150], Loss: 0.2345
Epoch [94/150], Loss: 0.2350
Epoch [95/150], Loss: 0.2199
Epoch [96/150], Loss: 0.2195
Epoch [97/150], Loss: 0.2295
Epoch [98/150], Loss: 0.2204
Epoch [99/150], Loss: 0.2243
Epoch [100/150], Loss: 0.2211
Epoch [101/150], Loss: 0.2267
Epoch [102/150], Loss: 0.2238
Epoch [103/150], Loss: 0.2207
Epoch [104/150], Loss: 0.2231
Epoch [105/150], Loss: 0.2192
Epoch [106/150], Loss: 0.2217
Epoch [107/150], Loss: 0.2261
Epoch [108/150], Loss: 0.2243
Epoch [109/150], Loss: 0.2150
Epoch [110/150], Loss: 0.2110
Epoch [111/150], Loss: 0.2203
Epoch [112/150], Loss: 0.2180
Epoch [113/150], Loss: 0.2131
Epoch [114/150], Loss: 0.2161
Epoch [115/150], Loss: 0.2179
Epoch [116/150], Loss: 0.2139
Epoch [117/150], Loss: 0.2172
Epoch [118/150], Loss: 0.2071
Epoch [119/150], Loss: 0.2077
Epoch [120/150], Loss: 0.2099
Epoch [121/150], Loss: 0.2187
Epoch [122/150], Loss: 0.2078
Epoch [123/150], Loss: 0.2046
Epoch [124/150], Loss: 0.2211
Epoch [125/150], Loss: 0.2128
Epoch [126/150], Loss: 0.2135
Epoch [127/150], Loss: 0.2129
Epoch [128/150], Loss: 0.2185
Epoch [129/150], Loss: 0.2087
Epoch [130/150], Loss: 0.2113
Epoch [131/150], Loss: 0.2100
Epoch [132/150], Loss: 0.2154
Epoch [133/150], Loss: 0.2047
Early stopping triggered.

Training completed in 529.05 seconds.

=== Training model 'win10' on dataset 'win10' ===
+ Start training model with parameters GTCNTrainParams(model_params=GTCNParams(id='win10_model', GCN_CLASS=<class 'src.gtcn.gcn.GCNLayerFingerPool'>, TCN_CLASS=<class 'src.gtcn.tcn.TCNLayerLastStep'>, CLASSIFIER_CLASS=<class 'src.gtcn.classifier.RegularClassifier'>, WINDOW_LENGTH=10, GCN_DIMS=[16], GCN_DROPOUT=0.2, TCN_CHANNELS=[64, 64, 64], TCN_KERNEL_SIZE=3, TCN_DILATIONS=[1, 2, 4], TCN_DROPOUT=0.2, DOUBLE_HEAD_BCE_WEIGHT=0.1, PROB_THRESHOLD=0.6), training_dataset_path='./src/datasets/training_win10.pkl', model_path='./src/models/win10.pth', weight_mode=None, batch_size=32, learning_rate=0.002, epochs=150)
> Creating GestureDataset with 8244 samples.
> Label weights: [1. 1. 1. 1. 1. 1. 1.]
Epoch [1/150], Loss: 1.2671
Epoch [2/150], Loss: 0.9087
Epoch [3/150], Loss: 0.7848
Epoch [4/150], Loss: 0.7105
Epoch [5/150], Loss: 0.6594
Epoch [6/150], Loss: 0.6234
Epoch [7/150], Loss: 0.5930
Epoch [8/150], Loss: 0.5704
Epoch [9/150], Loss: 0.5572
Epoch [10/150], Loss: 0.5338
Epoch [11/150], Loss: 0.5326
Epoch [12/150], Loss: 0.5288
Epoch [13/150], Loss: 0.4914
Epoch [14/150], Loss: 0.4922
Epoch [15/150], Loss: 0.4968
Epoch [16/150], Loss: 0.4848
Epoch [17/150], Loss: 0.4736
Epoch [18/150], Loss: 0.4624
Epoch [19/150], Loss: 0.4585
Epoch [20/150], Loss: 0.4598
Epoch [21/150], Loss: 0.4486
Epoch [22/150], Loss: 0.4349
Epoch [23/150], Loss: 0.4283
Epoch [24/150], Loss: 0.4428
Epoch [25/150], Loss: 0.4362
Epoch [26/150], Loss: 0.4267
Epoch [27/150], Loss: 0.4209
Epoch [28/150], Loss: 0.4193
Epoch [29/150], Loss: 0.4109
Epoch [30/150], Loss: 0.4142
Epoch [31/150], Loss: 0.4218
Epoch [32/150], Loss: 0.3998
Epoch [33/150], Loss: 0.4099
Epoch [34/150], Loss: 0.4070
Epoch [35/150], Loss: 0.3956
Epoch [36/150], Loss: 0.3924
Epoch [37/150], Loss: 0.3960
Epoch [38/150], Loss: 0.3936
Epoch [39/150], Loss: 0.3840
Epoch [40/150], Loss: 0.3942
Epoch [41/150], Loss: 0.3784
Epoch [42/150], Loss: 0.3756
Epoch [43/150], Loss: 0.3894
Epoch [44/150], Loss: 0.3924
Epoch [45/150], Loss: 0.3670
Epoch [46/150], Loss: 0.3787
Epoch [47/150], Loss: 0.3696
Epoch [48/150], Loss: 0.3681
Epoch [49/150], Loss: 0.3768
Epoch [50/150], Loss: 0.3699
Epoch [51/150], Loss: 0.3628
Epoch [52/150], Loss: 0.3688
Epoch [53/150], Loss: 0.3535
Epoch [54/150], Loss: 0.3673
Epoch [55/150], Loss: 0.3508
Epoch [56/150], Loss: 0.3571
Epoch [57/150], Loss: 0.3558
Epoch [58/150], Loss: 0.3469
Epoch [59/150], Loss: 0.3658
Epoch [60/150], Loss: 0.3543
Epoch [61/150], Loss: 0.3559
Epoch [62/150], Loss: 0.3371
Epoch [63/150], Loss: 0.3575
Epoch [64/150], Loss: 0.3447
Epoch [65/150], Loss: 0.3356
Epoch [66/150], Loss: 0.3415
Epoch [67/150], Loss: 0.3411
Epoch [68/150], Loss: 0.3424
Epoch [69/150], Loss: 0.3308
Epoch [70/150], Loss: 0.3283
Epoch [71/150], Loss: 0.3322
Epoch [72/150], Loss: 0.3324
Epoch [73/150], Loss: 0.3399
Epoch [74/150], Loss: 0.3359
Epoch [75/150], Loss: 0.3234
Epoch [76/150], Loss: 0.3350
Epoch [77/150], Loss: 0.3266
Epoch [78/150], Loss: 0.3255
Epoch [79/150], Loss: 0.3280
Epoch [80/150], Loss: 0.3299
Epoch [81/150], Loss: 0.3217
Epoch [82/150], Loss: 0.3224
Epoch [83/150], Loss: 0.3145
Epoch [84/150], Loss: 0.3438
Epoch [85/150], Loss: 0.3220
Epoch [86/150], Loss: 0.3236
Epoch [87/150], Loss: 0.3277
Epoch [88/150], Loss: 0.3082
Epoch [89/150], Loss: 0.3237
Epoch [90/150], Loss: 0.3295
Epoch [91/150], Loss: 0.3155
Epoch [92/150], Loss: 0.3228
Epoch [93/150], Loss: 0.3170
Epoch [94/150], Loss: 0.3213
Epoch [95/150], Loss: 0.3186
Epoch [96/150], Loss: 0.3204
Epoch [97/150], Loss: 0.3035
Epoch [98/150], Loss: 0.3214
Epoch [99/150], Loss: 0.3066
Epoch [100/150], Loss: 0.3111
Epoch [101/150], Loss: 0.3106
Epoch [102/150], Loss: 0.3105
Epoch [103/150], Loss: 0.3160
Epoch [104/150], Loss: 0.3072
Epoch [105/150], Loss: 0.3068
Epoch [106/150], Loss: 0.3136
Epoch [107/150], Loss: 0.3013
Epoch [108/150], Loss: 0.3170
Epoch [109/150], Loss: 0.3169
Epoch [110/150], Loss: 0.3069
Epoch [111/150], Loss: 0.3054
Epoch [112/150], Loss: 0.3033
Epoch [113/150], Loss: 0.2929
Epoch [114/150], Loss: 0.3022
Epoch [115/150], Loss: 0.2965
Epoch [116/150], Loss: 0.2924
Epoch [117/150], Loss: 0.3015
Epoch [118/150], Loss: 0.3025
Epoch [119/150], Loss: 0.3044
Epoch [120/150], Loss: 0.3125
Epoch [121/150], Loss: 0.2920
Epoch [122/150], Loss: 0.2893
Epoch [123/150], Loss: 0.3035
Epoch [124/150], Loss: 0.3021
Epoch [125/150], Loss: 0.3004
Epoch [126/150], Loss: 0.2965
Epoch [127/150], Loss: 0.3041
Epoch [128/150], Loss: 0.2878
Epoch [129/150], Loss: 0.2920
Epoch [130/150], Loss: 0.2963
Epoch [131/150], Loss: 0.3003
Epoch [132/150], Loss: 0.2988
Epoch [133/150], Loss: 0.2924
Epoch [134/150], Loss: 0.2845
Epoch [135/150], Loss: 0.2931
Epoch [136/150], Loss: 0.2906
Epoch [137/150], Loss: 0.3024
Epoch [138/150], Loss: 0.2961
Epoch [139/150], Loss: 0.2833
Epoch [140/150], Loss: 0.2885
Epoch [141/150], Loss: 0.2838
Epoch [142/150], Loss: 0.2913
Epoch [143/150], Loss: 0.2888
Epoch [144/150], Loss: 0.2889
Epoch [145/150], Loss: 0.2894
Epoch [146/150], Loss: 0.2857
Epoch [147/150], Loss: 0.2895
Epoch [148/150], Loss: 0.2856
Epoch [149/150], Loss: 0.2934
Early stopping triggered.

Training completed in 497.83 seconds.

=== Training model 'win30' on dataset 'win30' ===
+ Start training model with parameters GTCNTrainParams(model_params=GTCNParams(id='win30_model', GCN_CLASS=<class 'src.gtcn.gcn.GCNLayerFingerPool'>, TCN_CLASS=<class 'src.gtcn.tcn.TCNLayerLastStep'>, CLASSIFIER_CLASS=<class 'src.gtcn.classifier.RegularClassifier'>, WINDOW_LENGTH=30, GCN_DIMS=[16], GCN_DROPOUT=0.2, TCN_CHANNELS=[64, 64, 64, 64], TCN_KERNEL_SIZE=3, TCN_DILATIONS=[1, 2, 4, 8], TCN_DROPOUT=0.2, DOUBLE_HEAD_BCE_WEIGHT=0.1, PROB_THRESHOLD=0.6), training_dataset_path='./src/datasets/training_win30.pkl', model_path='./src/models/win30.pth', weight_mode=None, batch_size=32, learning_rate=0.002, epochs=150)
> Creating GestureDataset with 13954 samples.
> Label weights: [1. 1. 1. 1. 1. 1. 1.]
Epoch [1/150], Loss: 0.9776
Epoch [2/150], Loss: 0.6677
Epoch [3/150], Loss: 0.5307
Epoch [4/150], Loss: 0.4535
Epoch [5/150], Loss: 0.4244
Epoch [6/150], Loss: 0.4067
Epoch [7/150], Loss: 0.3851
Epoch [8/150], Loss: 0.3686
Epoch [9/150], Loss: 0.3534
Epoch [10/150], Loss: 0.3322
Epoch [11/150], Loss: 0.3256
Epoch [12/150], Loss: 0.3077
Epoch [13/150], Loss: 0.3028
Epoch [14/150], Loss: 0.3038
Epoch [15/150], Loss: 0.3048
Epoch [16/150], Loss: 0.2906
Epoch [17/150], Loss: 0.3100
Epoch [18/150], Loss: 0.2989
Epoch [19/150], Loss: 0.2794
Epoch [20/150], Loss: 0.2808
Epoch [21/150], Loss: 0.2575
Epoch [22/150], Loss: 0.2700
Epoch [23/150], Loss: 0.2668
Epoch [24/150], Loss: 0.2574
Epoch [25/150], Loss: 0.2591
Epoch [26/150], Loss: 0.2378
Epoch [27/150], Loss: 0.2497
Epoch [28/150], Loss: 0.2706
Epoch [29/150], Loss: 0.2506
Epoch [30/150], Loss: 0.2532
Epoch [31/150], Loss: 0.2408
Epoch [32/150], Loss: 0.2437
Epoch [33/150], Loss: 0.2320
Epoch [34/150], Loss: 0.2369
Epoch [35/150], Loss: 0.2429
Epoch [36/150], Loss: 0.2595
Epoch [37/150], Loss: 0.2340
Epoch [38/150], Loss: 0.2170
Epoch [39/150], Loss: 0.2141
Epoch [40/150], Loss: 0.2193
Epoch [41/150], Loss: 0.2231
Epoch [42/150], Loss: 0.2318
Epoch [43/150], Loss: 0.2345
Epoch [44/150], Loss: 0.2251
Epoch [45/150], Loss: 0.2207
Epoch [46/150], Loss: 0.2076
Epoch [47/150], Loss: 0.2237
Epoch [48/150], Loss: 0.2098
Epoch [49/150], Loss: 0.2047
Epoch [50/150], Loss: 0.2001
Epoch [51/150], Loss: 0.1982
Epoch [52/150], Loss: 0.2003
Epoch [53/150], Loss: 0.2029
Epoch [54/150], Loss: 0.2087
Epoch [55/150], Loss: 0.1934
Epoch [56/150], Loss: 0.1987
Epoch [57/150], Loss: 0.2016
Epoch [58/150], Loss: 0.2006
Epoch [59/150], Loss: 0.1897
Epoch [60/150], Loss: 0.1911
Epoch [61/150], Loss: 0.1893
Epoch [62/150], Loss: 0.1898
Epoch [63/150], Loss: 0.1826
Epoch [64/150], Loss: 0.1911
Epoch [65/150], Loss: 0.1950
Epoch [66/150], Loss: 0.1818
Epoch [67/150], Loss: 0.1934
Epoch [68/150], Loss: 0.1836
Epoch [69/150], Loss: 0.1877
Epoch [70/150], Loss: 0.1805
Epoch [71/150], Loss: 0.1721
Epoch [72/150], Loss: 0.1831
Epoch [73/150], Loss: 0.1935
Epoch [74/150], Loss: 0.1808
Epoch [75/150], Loss: 0.1721
Epoch [76/150], Loss: 0.1673
Epoch [77/150], Loss: 0.1760
Epoch [78/150], Loss: 0.1789
Epoch [79/150], Loss: 0.1873
Epoch [80/150], Loss: 0.1927
Epoch [81/150], Loss: 0.1817
Epoch [82/150], Loss: 0.1701
Epoch [83/150], Loss: 0.1649
Epoch [84/150], Loss: 0.1717
Epoch [85/150], Loss: 0.1742
Epoch [86/150], Loss: 0.1745
Epoch [87/150], Loss: 0.1653
Epoch [88/150], Loss: 0.1820
Epoch [89/150], Loss: 0.1794
Epoch [90/150], Loss: 0.1791
Epoch [91/150], Loss: 0.1653
Epoch [92/150], Loss: 0.1708
Epoch [93/150], Loss: 0.1654
Early stopping triggered.

Training completed in 522.00 seconds.

=== Training model 'gcn_nopool' on dataset 'base' ===
+ Start training model with parameters GTCNTrainParams(model_params=GTCNParams(id='gcn_nopool_model', GCN_CLASS=<class 'src.gtcn.gcn.GCNLayerNoPool'>, TCN_CLASS=<class 'src.gtcn.tcn.TCNLayerLastStep'>, CLASSIFIER_CLASS=<class 'src.gtcn.classifier.RegularClassifier'>, WINDOW_LENGTH=15, GCN_DIMS=[16], GCN_DROPOUT=0.2, TCN_CHANNELS=[64, 64, 64], TCN_KERNEL_SIZE=3, TCN_DILATIONS=[1, 2, 4], TCN_DROPOUT=0.2, DOUBLE_HEAD_BCE_WEIGHT=0.1, PROB_THRESHOLD=0.6), training_dataset_path='./src/datasets/training_base.pkl', model_path='./src/models/gcn_nopool.pth', weight_mode=None, batch_size=32, learning_rate=0.002, epochs=150)
> Creating GestureDataset with 9674 samples.
> Label weights: [1. 1. 1. 1. 1. 1. 1.]
Epoch [1/150], Loss: 1.1114
Epoch [2/150], Loss: 0.7573
Epoch [3/150], Loss: 0.6293
Epoch [4/150], Loss: 0.5765
Epoch [5/150], Loss: 0.5379
Epoch [6/150], Loss: 0.5014
Epoch [7/150], Loss: 0.4821
Epoch [8/150], Loss: 0.4478
Epoch [9/150], Loss: 0.4427
Epoch [10/150], Loss: 0.4264
Epoch [11/150], Loss: 0.4202
Epoch [12/150], Loss: 0.4075
Epoch [13/150], Loss: 0.3999
Epoch [14/150], Loss: 0.3871
Epoch [15/150], Loss: 0.3868
Epoch [16/150], Loss: 0.3669
Epoch [17/150], Loss: 0.3678
Epoch [18/150], Loss: 0.3706
Epoch [19/150], Loss: 0.3597
Epoch [20/150], Loss: 0.3600
Epoch [21/150], Loss: 0.3434
Epoch [22/150], Loss: 0.3495
Epoch [23/150], Loss: 0.3460
Epoch [24/150], Loss: 0.3363
Epoch [25/150], Loss: 0.3436
Epoch [26/150], Loss: 0.3268
Epoch [27/150], Loss: 0.3263
Epoch [28/150], Loss: 0.3170
Epoch [29/150], Loss: 0.3198
Epoch [30/150], Loss: 0.3104
Epoch [31/150], Loss: 0.3141
Epoch [32/150], Loss: 0.3073
Epoch [33/150], Loss: 0.3020
Epoch [34/150], Loss: 0.3018
Epoch [35/150], Loss: 0.2982
Epoch [36/150], Loss: 0.3009
Epoch [37/150], Loss: 0.2984
Epoch [38/150], Loss: 0.2922
Epoch [39/150], Loss: 0.2819
Epoch [40/150], Loss: 0.2910
Epoch [41/150], Loss: 0.2797
Epoch [42/150], Loss: 0.2926
Epoch [43/150], Loss: 0.2843
Epoch [44/150], Loss: 0.2787
Epoch [45/150], Loss: 0.2793
Epoch [46/150], Loss: 0.2781
Epoch [47/150], Loss: 0.2764
Epoch [48/150], Loss: 0.2688
Epoch [49/150], Loss: 0.2745
Epoch [50/150], Loss: 0.2546
Epoch [51/150], Loss: 0.2735
Epoch [52/150], Loss: 0.2664
Epoch [53/150], Loss: 0.2668
Epoch [54/150], Loss: 0.2664
Epoch [55/150], Loss: 0.2620
Epoch [56/150], Loss: 0.2573
Epoch [57/150], Loss: 0.2534
Epoch [58/150], Loss: 0.2544
Epoch [59/150], Loss: 0.2521
Epoch [60/150], Loss: 0.2521
Epoch [61/150], Loss: 0.2571
Epoch [62/150], Loss: 0.2479
Epoch [63/150], Loss: 0.2527
Epoch [64/150], Loss: 0.2529
Epoch [65/150], Loss: 0.2526
Epoch [66/150], Loss: 0.2485
Epoch [67/150], Loss: 0.2533
Epoch [68/150], Loss: 0.2418
Epoch [69/150], Loss: 0.2487
Epoch [70/150], Loss: 0.2487
Epoch [71/150], Loss: 0.2403
Epoch [72/150], Loss: 0.2413
Epoch [73/150], Loss: 0.2315
Epoch [74/150], Loss: 0.2404
Epoch [75/150], Loss: 0.2365
Epoch [76/150], Loss: 0.2408
Epoch [77/150], Loss: 0.2424
Epoch [78/150], Loss: 0.2394
Epoch [79/150], Loss: 0.2505
Epoch [80/150], Loss: 0.2430
Epoch [81/150], Loss: 0.2341
Epoch [82/150], Loss: 0.2340
Epoch [83/150], Loss: 0.2313
Epoch [84/150], Loss: 0.2298
Epoch [85/150], Loss: 0.2288
Epoch [86/150], Loss: 0.2238
Epoch [87/150], Loss: 0.2247
Epoch [88/150], Loss: 0.2362
Epoch [89/150], Loss: 0.2314
Epoch [90/150], Loss: 0.2304
Epoch [91/150], Loss: 0.2154
Epoch [92/150], Loss: 0.2200
Epoch [93/150], Loss: 0.2226
Epoch [94/150], Loss: 0.2251
Epoch [95/150], Loss: 0.2201
Epoch [96/150], Loss: 0.2332
Epoch [97/150], Loss: 0.2182
Epoch [98/150], Loss: 0.2191
Epoch [99/150], Loss: 0.2132
Epoch [100/150], Loss: 0.2259
Epoch [101/150], Loss: 0.2212
Epoch [102/150], Loss: 0.2122
Epoch [103/150], Loss: 0.2173
Epoch [104/150], Loss: 0.2165
Epoch [105/150], Loss: 0.2180
Epoch [106/150], Loss: 0.2171
Epoch [107/150], Loss: 0.2180
Epoch [108/150], Loss: 0.2160
Epoch [109/150], Loss: 0.2136
Epoch [110/150], Loss: 0.2153
Epoch [111/150], Loss: 0.2103
Epoch [112/150], Loss: 0.1993
Epoch [113/150], Loss: 0.2186
Epoch [114/150], Loss: 0.2050
Epoch [115/150], Loss: 0.2114
Epoch [116/150], Loss: 0.2022
Epoch [117/150], Loss: 0.2121
Epoch [118/150], Loss: 0.2122
Epoch [119/150], Loss: 0.2056
Epoch [120/150], Loss: 0.2157
Epoch [121/150], Loss: 0.2193
Epoch [122/150], Loss: 0.2036
Early stopping triggered.

Training completed in 379.87 seconds.

=== Training model 'tcn_meanpool' on dataset 'base' ===
+ Start training model with parameters GTCNTrainParams(model_params=GTCNParams(id='tcn_meanpool_model', GCN_CLASS=<class 'src.gtcn.gcn.GCNLayerFingerPool'>, TCN_CLASS=<class 'src.gtcn.tcn.TCNLayerMeanPool'>, CLASSIFIER_CLASS=<class 'src.gtcn.classifier.RegularClassifier'>, WINDOW_LENGTH=15, GCN_DIMS=[16], GCN_DROPOUT=0.2, TCN_CHANNELS=[64, 64, 64], TCN_KERNEL_SIZE=3, TCN_DILATIONS=[1, 2, 4], TCN_DROPOUT=0.2, DOUBLE_HEAD_BCE_WEIGHT=0.1, PROB_THRESHOLD=0.6), training_dataset_path='./src/datasets/training_base.pkl', model_path='./src/models/tcn_meanpool.pth', weight_mode=None, batch_size=32, learning_rate=0.002, epochs=150)
> Creating GestureDataset with 9674 samples.
> Label weights: [1. 1. 1. 1. 1. 1. 1.]
Epoch [1/150], Loss: 1.0839
Epoch [2/150], Loss: 0.7348
Epoch [3/150], Loss: 0.6105
Epoch [4/150], Loss: 0.5454
Epoch [5/150], Loss: 0.5227
Epoch [6/150], Loss: 0.4870
Epoch [7/150], Loss: 0.4640
Epoch [8/150], Loss: 0.4423
Epoch [9/150], Loss: 0.4186
Epoch [10/150], Loss: 0.4067
Epoch [11/150], Loss: 0.3929
Epoch [12/150], Loss: 0.3903
Epoch [13/150], Loss: 0.3725
Epoch [14/150], Loss: 0.3597
Epoch [15/150], Loss: 0.3616
Epoch [16/150], Loss: 0.3518
Epoch [17/150], Loss: 0.3333
Epoch [18/150], Loss: 0.3415
Epoch [19/150], Loss: 0.3358
Epoch [20/150], Loss: 0.3377
Epoch [21/150], Loss: 0.3174
Epoch [22/150], Loss: 0.3170
Epoch [23/150], Loss: 0.3057
Epoch [24/150], Loss: 0.3005
Epoch [25/150], Loss: 0.3120
Epoch [26/150], Loss: 0.2920
Epoch [27/150], Loss: 0.2941
Epoch [28/150], Loss: 0.2957
Epoch [29/150], Loss: 0.2929
Epoch [30/150], Loss: 0.2856
Epoch [31/150], Loss: 0.2952
Epoch [32/150], Loss: 0.2737
Epoch [33/150], Loss: 0.2754
Epoch [34/150], Loss: 0.2711
Epoch [35/150], Loss: 0.2720
Epoch [36/150], Loss: 0.2660
Epoch [37/150], Loss: 0.2630
Epoch [38/150], Loss: 0.2642
Epoch [39/150], Loss: 0.2621
Epoch [40/150], Loss: 0.2515
Epoch [41/150], Loss: 0.2534
Epoch [42/150], Loss: 0.2703
Epoch [43/150], Loss: 0.2577
Epoch [44/150], Loss: 0.2440
Epoch [45/150], Loss: 0.2529
Epoch [46/150], Loss: 0.2512
Epoch [47/150], Loss: 0.2459
Epoch [48/150], Loss: 0.2382
Epoch [49/150], Loss: 0.2448
Epoch [50/150], Loss: 0.2475
Epoch [51/150], Loss: 0.2378
Epoch [52/150], Loss: 0.2348
Epoch [53/150], Loss: 0.2367
Epoch [54/150], Loss: 0.2327
Epoch [55/150], Loss: 0.2378
Epoch [56/150], Loss: 0.2285
Epoch [57/150], Loss: 0.2317
Epoch [58/150], Loss: 0.2326
Epoch [59/150], Loss: 0.2281
Epoch [60/150], Loss: 0.2270
Epoch [61/150], Loss: 0.2197
Epoch [62/150], Loss: 0.2157
Epoch [63/150], Loss: 0.2259
Epoch [64/150], Loss: 0.2152
Epoch [65/150], Loss: 0.2230
Epoch [66/150], Loss: 0.2091
Epoch [67/150], Loss: 0.2114
Epoch [68/150], Loss: 0.2138
Epoch [69/150], Loss: 0.2195
Epoch [70/150], Loss: 0.2201
Epoch [71/150], Loss: 0.2171
Epoch [72/150], Loss: 0.2180
Epoch [73/150], Loss: 0.2087
Epoch [74/150], Loss: 0.2180
Epoch [75/150], Loss: 0.2131
Epoch [76/150], Loss: 0.2071
Epoch [77/150], Loss: 0.2105
Epoch [78/150], Loss: 0.2149
Epoch [79/150], Loss: 0.2037
Epoch [80/150], Loss: 0.2028
Epoch [81/150], Loss: 0.2138
Epoch [82/150], Loss: 0.2068
Epoch [83/150], Loss: 0.2040
Epoch [84/150], Loss: 0.2115
Epoch [85/150], Loss: 0.2003
Epoch [86/150], Loss: 0.1990
Epoch [87/150], Loss: 0.2063
Epoch [88/150], Loss: 0.2102
Epoch [89/150], Loss: 0.1839
Epoch [90/150], Loss: 0.2000
Epoch [91/150], Loss: 0.1938
Epoch [92/150], Loss: 0.1940
Epoch [93/150], Loss: 0.1941
Epoch [94/150], Loss: 0.2037
Epoch [95/150], Loss: 0.2058
Epoch [96/150], Loss: 0.1966
Epoch [97/150], Loss: 0.1940
Epoch [98/150], Loss: 0.1915
Epoch [99/150], Loss: 0.1977
Early stopping triggered.

Training completed in 371.36 seconds.

=== Training model 'tcn_weightpool' on dataset 'base' ===
+ Start training model with parameters GTCNTrainParams(model_params=GTCNParams(id='tcn_weightpool_model', GCN_CLASS=<class 'src.gtcn.gcn.GCNLayerFingerPool'>, TCN_CLASS=<class 'src.gtcn.tcn.TCNLayerWeightPool'>, CLASSIFIER_CLASS=<class 'src.gtcn.classifier.RegularClassifier'>, WINDOW_LENGTH=15, GCN_DIMS=[16], GCN_DROPOUT=0.2, TCN_CHANNELS=[64, 64, 64], TCN_KERNEL_SIZE=3, TCN_DILATIONS=[1, 2, 4], TCN_DROPOUT=0.2, DOUBLE_HEAD_BCE_WEIGHT=0.1, PROB_THRESHOLD=0.6), training_dataset_path='./src/datasets/training_base.pkl', model_path='./src/models/tcn_weightpool.pth', weight_mode=None, batch_size=32, learning_rate=0.002, epochs=150)
> Creating GestureDataset with 9674 samples.
> Label weights: [1. 1. 1. 1. 1. 1. 1.]
Epoch [1/150], Loss: 1.0171
Epoch [2/150], Loss: 0.7202
Epoch [3/150], Loss: 0.5946
Epoch [4/150], Loss: 0.5436
Epoch [5/150], Loss: 0.5108
Epoch [6/150], Loss: 0.4866
Epoch [7/150], Loss: 0.4521
Epoch [8/150], Loss: 0.4361
Epoch [9/150], Loss: 0.4235
Epoch [10/150], Loss: 0.3921
Epoch [11/150], Loss: 0.3905
Epoch [12/150], Loss: 0.3867
Epoch [13/150], Loss: 0.3664
Epoch [14/150], Loss: 0.3522
Epoch [15/150], Loss: 0.3458
Epoch [16/150], Loss: 0.3359
Epoch [17/150], Loss: 0.3294
Epoch [18/150], Loss: 0.3324
Epoch [19/150], Loss: 0.3227
Epoch [20/150], Loss: 0.3154
Epoch [21/150], Loss: 0.3173
Epoch [22/150], Loss: 0.3080
Epoch [23/150], Loss: 0.2990
Epoch [24/150], Loss: 0.2987
Epoch [25/150], Loss: 0.2949
Epoch [26/150], Loss: 0.2895
Epoch [27/150], Loss: 0.2882
Epoch [28/150], Loss: 0.2855
Epoch [29/150], Loss: 0.2796
Epoch [30/150], Loss: 0.2736
Epoch [31/150], Loss: 0.2711
Epoch [32/150], Loss: 0.2734
Epoch [33/150], Loss: 0.2697
Epoch [34/150], Loss: 0.2615
Epoch [35/150], Loss: 0.2601
Epoch [36/150], Loss: 0.2709
Epoch [37/150], Loss: 0.2677
Epoch [38/150], Loss: 0.2545
Epoch [39/150], Loss: 0.2502
Epoch [40/150], Loss: 0.2487
Epoch [41/150], Loss: 0.2457
Epoch [42/150], Loss: 0.2515
Epoch [43/150], Loss: 0.2534
Epoch [44/150], Loss: 0.2440
Epoch [45/150], Loss: 0.2436
Epoch [46/150], Loss: 0.2384
Epoch [47/150], Loss: 0.2321
Epoch [48/150], Loss: 0.2465
Epoch [49/150], Loss: 0.2416
Epoch [50/150], Loss: 0.2329
Epoch [51/150], Loss: 0.2376
Epoch [52/150], Loss: 0.2298
Epoch [53/150], Loss: 0.2381
Epoch [54/150], Loss: 0.2374
Epoch [55/150], Loss: 0.2379
Epoch [56/150], Loss: 0.2174
Epoch [57/150], Loss: 0.2311
Epoch [58/150], Loss: 0.2112
Epoch [59/150], Loss: 0.2177
Epoch [60/150], Loss: 0.2176
Epoch [61/150], Loss: 0.2238
Epoch [62/150], Loss: 0.2160
Epoch [63/150], Loss: 0.2195
Epoch [64/150], Loss: 0.2206
Epoch [65/150], Loss: 0.2214
Epoch [66/150], Loss: 0.2227
Epoch [67/150], Loss: 0.2211
Epoch [68/150], Loss: 0.2189
Early stopping triggered.

Training completed in 265.18 seconds.

=== Training model 'doublehead_classifier' on dataset 'base' ===
+ Start training model with parameters GTCNTrainParams(model_params=GTCNParams(id='doublehead_classifier_model', GCN_CLASS=<class 'src.gtcn.gcn.GCNLayerFingerPool'>, TCN_CLASS=<class 'src.gtcn.tcn.TCNLayerLastStep'>, CLASSIFIER_CLASS=<class 'src.gtcn.classifier.DoubleHeadClassifier'>, WINDOW_LENGTH=15, GCN_DIMS=[16], GCN_DROPOUT=0.2, TCN_CHANNELS=[64, 64, 64], TCN_KERNEL_SIZE=3, TCN_DILATIONS=[1, 2, 4], TCN_DROPOUT=0.2, DOUBLE_HEAD_BCE_WEIGHT=0.1, PROB_THRESHOLD=0.6), training_dataset_path='./src/datasets/training_base.pkl', model_path='./src/models/doublehead_classifier.pth', weight_mode=None, batch_size=32, learning_rate=0.002, epochs=150)
> Creating GestureDataset with 9674 samples.
> Label weights: [1. 1. 1. 1. 1. 1. 1.]
Epoch [1/150], Loss: 0.9903
Epoch [2/150], Loss: 0.4822
Epoch [3/150], Loss: 0.3475
Epoch [4/150], Loss: 0.2909
Epoch [5/150], Loss: 0.2534
Epoch [6/150], Loss: 0.2250
Epoch [7/150], Loss: 0.2083
Epoch [8/150], Loss: 0.1894
Epoch [9/150], Loss: 0.1766
Epoch [10/150], Loss: 0.1651
Epoch [11/150], Loss: 0.1479
Epoch [12/150], Loss: 0.1615
Epoch [13/150], Loss: 0.1463
Epoch [14/150], Loss: 0.1569
Epoch [15/150], Loss: 0.1356
Epoch [16/150], Loss: 0.1392
Epoch [17/150], Loss: 0.1395
Epoch [18/150], Loss: 0.1322
Epoch [19/150], Loss: 0.1372
Epoch [20/150], Loss: 0.1191
Epoch [21/150], Loss: 0.1263
Epoch [22/150], Loss: 0.1138
Epoch [23/150], Loss: 0.1251
Epoch [24/150], Loss: 0.0984
Epoch [25/150], Loss: 0.1084
Epoch [26/150], Loss: 0.1153
Epoch [27/150], Loss: 0.1046
Epoch [28/150], Loss: 0.1183
Epoch [29/150], Loss: 0.1116
Epoch [30/150], Loss: 0.1030
Epoch [31/150], Loss: 0.0995
Epoch [32/150], Loss: 0.1043
Epoch [33/150], Loss: 0.0994
Epoch [34/150], Loss: 0.0961
Epoch [35/150], Loss: 0.1065
Epoch [36/150], Loss: 0.0943
Epoch [37/150], Loss: 0.1015
Epoch [38/150], Loss: 0.0909
Epoch [39/150], Loss: 0.1062
Epoch [40/150], Loss: 0.0829
Epoch [41/150], Loss: 0.0945
Epoch [42/150], Loss: 0.0921
Epoch [43/150], Loss: 0.0783
Epoch [44/150], Loss: 0.0881
Epoch [45/150], Loss: 0.0808
Epoch [46/150], Loss: 0.0767
Epoch [47/150], Loss: 0.0778
Epoch [48/150], Loss: 0.0867
Epoch [49/150], Loss: 0.0801
Epoch [50/150], Loss: 0.0912
Epoch [51/150], Loss: 0.0922
Epoch [52/150], Loss: 0.0780
Epoch [53/150], Loss: 0.0731
Epoch [54/150], Loss: 0.0748
Epoch [55/150], Loss: 0.0801
Epoch [56/150], Loss: 0.0884
Epoch [57/150], Loss: 0.0726
Epoch [58/150], Loss: 0.0796
Epoch [59/150], Loss: 0.0825
Epoch [60/150], Loss: 0.0904
Epoch [61/150], Loss: 0.0693
Epoch [62/150], Loss: 0.0728
Epoch [63/150], Loss: 0.0685
Epoch [64/150], Loss: 0.0972
Epoch [65/150], Loss: 0.0830
Epoch [66/150], Loss: 0.0664
Epoch [67/150], Loss: 0.0747
Epoch [68/150], Loss: 0.0695
Epoch [69/150], Loss: 0.0817
Epoch [70/150], Loss: 0.0629
Epoch [71/150], Loss: 0.0774
Epoch [72/150], Loss: 0.0854
Epoch [73/150], Loss: 0.0612
Epoch [74/150], Loss: 0.0689
Epoch [75/150], Loss: 0.0713
Epoch [76/150], Loss: 0.0666
Epoch [77/150], Loss: 0.0680
Epoch [78/150], Loss: 0.0661
Epoch [79/150], Loss: 0.0709
Epoch [80/150], Loss: 0.0592
Epoch [81/150], Loss: 0.0793
Epoch [82/150], Loss: 0.0636
Epoch [83/150], Loss: 0.0567
Epoch [84/150], Loss: 0.0795
Epoch [85/150], Loss: 0.0691
Epoch [86/150], Loss: 0.0801
Epoch [87/150], Loss: 0.0722
Epoch [88/150], Loss: 0.0583
Epoch [89/150], Loss: 0.0724
Epoch [90/150], Loss: 0.0754
Epoch [91/150], Loss: 0.0613
Epoch [92/150], Loss: 0.0699
Epoch [93/150], Loss: 0.0596
Early stopping triggered.

Training completed in 409.40 seconds.

=== Training model 'probthreshold_classifier' on dataset 'base' ===
+ Start training model with parameters GTCNTrainParams(model_params=GTCNParams(id='probthreshold_classifier_model', GCN_CLASS=<class 'src.gtcn.gcn.GCNLayerFingerPool'>, TCN_CLASS=<class 'src.gtcn.tcn.TCNLayerLastStep'>, CLASSIFIER_CLASS=<class 'src.gtcn.classifier.ProbThresholdClassifier'>, WINDOW_LENGTH=15, GCN_DIMS=[16], GCN_DROPOUT=0.2, TCN_CHANNELS=[64, 64, 64], TCN_KERNEL_SIZE=3, TCN_DILATIONS=[1, 2, 4], TCN_DROPOUT=0.2, DOUBLE_HEAD_BCE_WEIGHT=0.1, PROB_THRESHOLD=0.6), training_dataset_path='./src/datasets/training_base.pkl', model_path='./src/models/probthreshold_classifier.pth', weight_mode=None, batch_size=32, learning_rate=0.002, epochs=150)
> Creating GestureDataset with 9674 samples.
> Label weights: [1. 1. 1. 1. 1. 1. 1.]
Epoch [1/150], Loss: 0.8569
Epoch [2/150], Loss: 0.3868
Epoch [3/150], Loss: 0.2610
Epoch [4/150], Loss: 0.2165
Epoch [5/150], Loss: 0.1783
Epoch [6/150], Loss: 0.1583
Epoch [7/150], Loss: 0.1413
Epoch [8/150], Loss: 0.1323
Epoch [9/150], Loss: 0.1118
Epoch [10/150], Loss: 0.0993
Epoch [11/150], Loss: 0.1023
Epoch [12/150], Loss: 0.0930
Epoch [13/150], Loss: 0.0939
Epoch [14/150], Loss: 0.1125
Epoch [15/150], Loss: 0.0913
Epoch [16/150], Loss: 0.0811
Epoch [17/150], Loss: 0.0831
Epoch [18/150], Loss: 0.0776
Epoch [19/150], Loss: 0.0719
Epoch [20/150], Loss: 0.0756
Epoch [21/150], Loss: 0.0759
Epoch [22/150], Loss: 0.0699
Epoch [23/150], Loss: 0.0631
Epoch [24/150], Loss: 0.0697
Epoch [25/150], Loss: 0.0623
Epoch [26/150], Loss: 0.0571
Epoch [27/150], Loss: 0.0645
Epoch [28/150], Loss: 0.0590
Epoch [29/150], Loss: 0.0616
Epoch [30/150], Loss: 0.0490
Epoch [31/150], Loss: 0.0591
Epoch [32/150], Loss: 0.0526
Epoch [33/150], Loss: 0.0546
Epoch [34/150], Loss: 0.0541
Epoch [35/150], Loss: 0.0520
Epoch [36/150], Loss: 0.0490
Epoch [37/150], Loss: 0.0487
Epoch [38/150], Loss: 0.0461
Epoch [39/150], Loss: 0.0476
Epoch [40/150], Loss: 0.0446
Epoch [41/150], Loss: 0.0352
Epoch [42/150], Loss: 0.0418
Epoch [43/150], Loss: 0.0458
Epoch [44/150], Loss: 0.0484
Epoch [45/150], Loss: 0.0463
Epoch [46/150], Loss: 0.0434
Epoch [47/150], Loss: 0.0357
Epoch [48/150], Loss: 0.0377
Epoch [49/150], Loss: 0.0436
Epoch [50/150], Loss: 0.0531
Epoch [51/150], Loss: 0.0438
Early stopping triggered.

Training completed in 227.40 seconds.
