
================================================================================
EVALUATION REPORT OF BASE
================================================================================
True Positive Rate: 0.4554, False Positive Rate: 0.3339, Jaccard Index: 0.2525
Classification Report:
              precision    recall  f1-score   support

        NONE       0.59      0.67      0.63      2775
        GRAB       0.46      0.23      0.31       453
       PINCH       0.81      0.50      0.62       608
         TAP       0.28      0.25      0.27       421
        DENY       0.74      0.94      0.83      1249
        KNOB       0.72      0.73      0.73      1207
      EXPAND       0.78      0.29      0.43       358

    accuracy                           0.64      7071
   macro avg       0.63      0.52      0.54      7071
weighted avg       0.64      0.64      0.63      7071

Confusion Matrix:
[[1853   99   72  214  258  255   24]
 [ 316  106    0    0    3   23    5]
 [ 251    0  303    3   18   33    0]
 [ 155    0    0  106  141   19    0]
 [  25    0    0   47 1177    0    0]
 [ 301   27    0    0    0  879    0]
 [ 247    0    0    2    0    4  105]]

================================================================================
EVALUATION REPORT OF BASE_SIMPLE
================================================================================
True Positive Rate: 0.6390, False Positive Rate: 0.4405, Jaccard Index: 0.3270
Classification Report:
              precision    recall  f1-score   support

        NONE       0.69      0.56      0.62      2775
        GRAB       0.51      0.33      0.40       453
       PINCH       0.49      0.96      0.65       608
         TAP       0.56      0.50      0.53       421
        DENY       0.76      0.95      0.84      1249
        KNOB       0.88      0.75      0.81      1207
      EXPAND       0.50      0.48      0.49       358

    accuracy                           0.67      7071
   macro avg       0.63      0.65      0.62      7071
weighted avg       0.69      0.67      0.67      7071

Confusion Matrix:
[[1566   75  432  133  298  116  155]
 [ 233  148   41    2   21    0    8]
 [  22    0  583    3    0    0    0]
 [ 106    0   48  212   55    0    0]
 [  17    0   22   24 1186    0    0]
 [ 175   48   67    6    1  900   10]
 [ 161   18    0    0    0    6  173]]

================================================================================
EVALUATION REPORT OF BASE_BALANCED
================================================================================
True Positive Rate: 0.5564, False Positive Rate: 0.3632, Jaccard Index: 0.3079
Classification Report:
              precision    recall  f1-score   support

        NONE       0.68      0.64      0.66      2775
        GRAB       0.40      0.43      0.42       453
       PINCH       0.53      0.85      0.65       608
         TAP       0.39      0.54      0.45       421
        DENY       0.91      0.84      0.88      1249
        KNOB       0.90      0.75      0.82      1207
      EXPAND       0.50      0.38      0.43       358

    accuracy                           0.68      7071
   macro avg       0.62      0.63      0.62      7071
weighted avg       0.70      0.68      0.68      7071

Confusion Matrix:
[[1768  163  372  200   78   81  113]
 [ 235  197    7    2    0    5    7]
 [  81    6  516    0    0    5    0]
 [ 106    0   58  228   21    7    1]
 [  18    0   22  154 1054    0    1]
 [ 186   95    2    3    0  906   15]
 [ 191   26    2    0    0    4  135]]

================================================================================
EVALUATION REPORT OF BASE_PEEK5
================================================================================
True Positive Rate: 0.6070, False Positive Rate: 0.2024, Jaccard Index: 0.4139
Classification Report:
              precision    recall  f1-score   support

        NONE       0.66      0.81      0.72      2775
        GRAB       0.66      0.49      0.56       453
       PINCH       0.68      0.57      0.62       608
         TAP       0.78      0.42      0.55       421
        DENY       0.88      0.94      0.91      1249
        KNOB       0.87      0.75      0.80      1207
      EXPAND       0.68      0.44      0.54       358

    accuracy                           0.74      7071
   macro avg       0.74      0.63      0.67      7071
weighted avg       0.74      0.74      0.73      7071

Confusion Matrix:
[[2239   74  128   32  128  106   68]
 [ 208  222    2    0    0   16    5]
 [ 256    0  348    4    0    0    0]
 [ 198    8   15  177   23    0    0]
 [  55    0    8   15 1171    0    0]
 [ 278   13   11    0    4  900    1]
 [ 171   17    0    0    0   11  159]]

================================================================================
EVALUATION REPORT OF WIN10
================================================================================
True Positive Rate: 0.5447, False Positive Rate: 0.3605, Jaccard Index: 0.3186
Classification Report:
              precision    recall  f1-score   support

        NONE       0.47      0.66      0.54      1850
        GRAB       0.39      0.47      0.43       453
       PINCH       0.80      0.60      0.69       608
         TAP       0.48      0.56      0.52       421
        DENY       0.86      0.91      0.88      1249
        KNOB       0.81      0.37      0.51      1207
      EXPAND       0.70      0.32      0.44       358

    accuracy                           0.61      6146
   macro avg       0.64      0.56      0.57      6146
weighted avg       0.65      0.61      0.60      6146

Confusion Matrix:
[[1212  175   80  152  152   47   32]
 [ 175  214    0    0    0   57    7]
 [ 224    6  365    3    2    0    8]
 [ 147    3    0  236   34    0    1]
 [   6    0    0  103 1140    0    0]
 [ 623  130    9    0    0  445    0]
 [ 217   25    0    0    0    2  114]]

================================================================================
EVALUATION REPORT OF WIN30
================================================================================
True Positive Rate: 0.2338, False Positive Rate: 0.0658, Jaccard Index: 0.1614
Classification Report:
              precision    recall  f1-score   support

        NONE       0.65      0.92      0.77      5540
        GRAB       0.25      0.25      0.25       453
       PINCH       0.81      0.18      0.30       608
         TAP       0.69      0.34      0.45       421
        DENY       0.91      0.80      0.85      1249
        KNOB       0.74      0.07      0.13      1207
      EXPAND       1.00      0.04      0.08       358

    accuracy                           0.67      9836
   macro avg       0.72      0.37      0.40      9836
weighted avg       0.70      0.67      0.61      9836

Confusion Matrix:
[[5118  262   10   23   98   29    0]
 [ 340  113    0    0    0    0    0]
 [ 482   13  112    0    1    0    0]
 [ 279    0    0  142    0    0    0]
 [ 222    0   16   17  994    0    0]
 [1083   40    0    0    0   84    0]
 [ 300   19    0   23    0    1   15]]

================================================================================
EVALUATION REPORT OF GCN_NOPOOL
================================================================================
True Positive Rate: 0.4940, False Positive Rate: 0.1654, Jaccard Index: 0.3343
Classification Report:
              precision    recall  f1-score   support

        NONE       0.62      0.84      0.71      2775
        GRAB       0.58      0.23      0.33       453
       PINCH       0.79      0.54      0.64       608
         TAP       0.72      0.39      0.50       421
        DENY       0.86      0.92      0.89      1249
        KNOB       0.80      0.70      0.75      1207
      EXPAND       0.93      0.27      0.42       358

    accuracy                           0.71      7071
   macro avg       0.76      0.56      0.61      7071
weighted avg       0.73      0.71      0.69      7071

Confusion Matrix:
[[2332   42   83   35  148  131    4]
 [ 276  105    0    0    2   70    0]
 [ 256    0  330    0   12   10    0]
 [ 230    0    0  163   28    0    0]
 [  68    0    3   29 1149    0    0]
 [ 330   29    2    0    1  842    3]
 [ 258    4    0    0    0    0   96]]

================================================================================
EVALUATION REPORT OF TCN_MEANPOOL
================================================================================
True Positive Rate: 0.4283, False Positive Rate: 0.1766, Jaccard Index: 0.2779
Classification Report:
              precision    recall  f1-score   support

        NONE       0.62      0.83      0.71      2775
        GRAB       0.31      0.28      0.30       453
       PINCH       0.84      0.58      0.69       608
         TAP       0.34      0.36      0.35       421
        DENY       0.90      0.86      0.88      1249
        KNOB       0.92      0.60      0.73      1207
      EXPAND       0.93      0.23      0.37       358

    accuracy                           0.68      7071
   macro avg       0.70      0.53      0.57      7071
weighted avg       0.72      0.68      0.67      7071

Confusion Matrix:
[[2299   91   63  158  102   56    6]
 [ 325  128    0    0    0    0    0]
 [ 236    0  354   18    0    0    0]
 [ 237   10    0  153   13    8    0]
 [  66    0    0  109 1074    0    0]
 [ 314  162    2    6    0  723    0]
 [ 254   22    0    0    0    0   82]]

================================================================================
EVALUATION REPORT OF TCN_WEIGHTPOOL
================================================================================
True Positive Rate: 0.2680, False Positive Rate: 0.1181, Jaccard Index: 0.1865
Classification Report:
              precision    recall  f1-score   support

        NONE       0.48      0.90      0.62      2775
        GRAB       0.57      0.30      0.39       453
       PINCH       0.86      0.41      0.55       608
         TAP       0.42      0.08      0.14       421
        DENY       0.96      0.44      0.61      1249
        KNOB       0.76      0.31      0.44      1207
      EXPAND       0.54      0.33      0.41       358

    accuracy                           0.56      7071
   macro avg       0.66      0.39      0.45      7071
weighted avg       0.65      0.56      0.53      7071

Confusion Matrix:
[[2484   56   16   17   20  115   67]
 [ 303  135    8    0    0    1    6]
 [ 320    4  247   31    0    0    6]
 [ 384    0    0   35    0    0    2]
 [ 686    0    7    1  551    0    4]
 [ 783   27    9    0    0  374   14]
 [ 223   15    0    0    0    2  118]]

================================================================================
EVALUATION REPORT OF DOUBLEHEAD_CLASSIFIER
================================================================================
True Positive Rate: 0.5847, False Positive Rate: 0.3147, Jaccard Index: 0.3569
Classification Report:
              precision    recall  f1-score   support

        NONE       0.63      0.69      0.66      2775
        GRAB       0.31      0.60      0.41       453
       PINCH       0.79      0.78      0.78       608
         TAP       0.65      0.53      0.58       421
        DENY       0.88      0.90      0.89      1249
        KNOB       0.92      0.59      0.72      1207
      EXPAND       0.83      0.33      0.47       358

    accuracy                           0.68      7071
   macro avg       0.71      0.63      0.64      7071
weighted avg       0.73      0.68      0.69      7071

Confusion Matrix:
[[1908  463  113   84  133   64   10]
 [ 174  274    0    0    0    0    5]
 [ 134    0  472    2    0    0    0]
 [ 163    0    9  224   23    2    0]
 [  86    3    7   35 1118    0    0]
 [ 345  139    0    0    0  713   10]
 [ 220   19    0    0    0    0  119]]

================================================================================
EVALUATION REPORT OF PROBTHRESHOLD_CLASSIFIER
================================================================================
True Positive Rate: 0.6108, False Positive Rate: 0.9282, Jaccard Index: 0.2217
Classification Report:
              precision    recall  f1-score   support

        NONE       0.46      0.07      0.13      2775
        GRAB       0.25      0.72      0.37       453
       PINCH       0.84      0.52      0.64       608
         TAP       0.22      0.82      0.35       421
        DENY       0.87      0.55      0.67      1249
        KNOB       0.85      0.81      0.83      1207
      EXPAND       0.17      0.72      0.28       358

    accuracy                           0.44      7071
   macro avg       0.53      0.60      0.47      7071
weighted avg       0.59      0.44      0.42      7071

Confusion Matrix:
[[202 741  44 546  87 158 997]
 [ 53 326   0   6   0  11  57]
 [ 51  62 316 155   0   0  24]
 [ 11   5   0 345  17   1  42]
 [ 42   0   0 460 690   0  57]
 [ 54  99  14  11   3 981  45]
 [ 22  65   0  13   0   0 258]]

====================================================================================================
EVALUATION METRICS COMPARISON ACROSS MODELS
====================================================================================================

Model                          Jaccard Index        True Positive        False Positive      
----------------------------------------------------------------------------------------------------
base_peek5                     0.4139               0.6070               0.2024              
doublehead_classifier          0.3569               0.5847               0.3147              
gcn_nopool                     0.3343               0.4940               0.1654              
base_simple                    0.3270               0.6390               0.4405              
win10                          0.3186               0.5447               0.3605              
base_balanced                  0.3079               0.5564               0.3632              
tcn_meanpool                   0.2779               0.4283               0.1766              
base                           0.2525               0.4554               0.3339              
probthreshold_classifier       0.2217               0.6108               0.9282              
tcn_weightpool                 0.1865               0.2680               0.1181              
win30                          0.1614               0.2338               0.0658              
