
=== Training base model with weight mode 'simple' ===
+ Start training model with parameters GTCNTrainParams(model_params=GTCNParams(id='base_model', GCN_CLASS=<class 'src.gtcn.gcn.GCNLayerFingerPool'>, TCN_CLASS=<class 'src.gtcn.tcn.TCNLayerLastStep'>, CLASSIFIER_CLASS=<class 'src.gtcn.classifier.RegularClassifier'>, WINDOW_LENGTH=15, GCN_DIMS=[16], GCN_DROPOUT=0.2, TCN_CHANNELS=[64, 64, 64], TCN_KERNEL_SIZE=3, TCN_DILATIONS=[1, 2, 4], TCN_DROPOUT=0.2, DOUBLE_HEAD_BCE_WEIGHT=0.1, PROB_THRESHOLD=0.6), weight_mode='simple', batch_size=32, learning_rate=0.002, epochs=150)
> Creating GestureDataset with 9674 samples.
> Label weights: [0.1 1.  1.  1.  1.  1.  1. ]
Epoch [1/150], Loss: 1.0836
Epoch [2/150], Loss: 0.6198
Epoch [3/150], Loss: 0.5000
Epoch [4/150], Loss: 0.4510
Epoch [5/150], Loss: 0.4072
Epoch [6/150], Loss: 0.3748
Epoch [7/150], Loss: 0.3620
Epoch [8/150], Loss: 0.3415
Epoch [9/150], Loss: 0.3211
Epoch [10/150], Loss: 0.3088
Epoch [11/150], Loss: 0.3004
Epoch [12/150], Loss: 0.2844
Epoch [13/150], Loss: 0.2798
Epoch [14/150], Loss: 0.2737
Epoch [15/150], Loss: 0.2770
Epoch [16/150], Loss: 0.2568
Epoch [17/150], Loss: 0.2544
Epoch [18/150], Loss: 0.2398
Epoch [19/150], Loss: 0.2271
Epoch [20/150], Loss: 0.2370
Epoch [21/150], Loss: 0.2442
Epoch [22/150], Loss: 0.2326
Epoch [23/150], Loss: 0.2153
Epoch [24/150], Loss: 0.2377
Epoch [25/150], Loss: 0.2264
Epoch [26/150], Loss: 0.2195
Epoch [27/150], Loss: 0.2261
Epoch [28/150], Loss: 0.2065
Epoch [29/150], Loss: 0.2213
Epoch [30/150], Loss: 0.2077
Epoch [31/150], Loss: 0.2117
Epoch [32/150], Loss: 0.2188
Epoch [33/150], Loss: 0.1988
Epoch [34/150], Loss: 0.2097
Epoch [35/150], Loss: 0.2059
Epoch [36/150], Loss: 0.2032
Epoch [37/150], Loss: 0.1944
Epoch [38/150], Loss: 0.1875
Epoch [39/150], Loss: 0.1987
Epoch [40/150], Loss: 0.1975
Epoch [41/150], Loss: 0.1820
Epoch [42/150], Loss: 0.2006
Epoch [43/150], Loss: 0.1833
Epoch [44/150], Loss: 0.1914
Epoch [45/150], Loss: 0.1840
Epoch [46/150], Loss: 0.1875
Epoch [47/150], Loss: 0.1864
Epoch [48/150], Loss: 0.1958
Epoch [49/150], Loss: 0.1782
Epoch [50/150], Loss: 0.1785
Epoch [51/150], Loss: 0.1765
Epoch [52/150], Loss: 0.1767
Epoch [53/150], Loss: 0.1762
Epoch [54/150], Loss: 0.1906
Epoch [55/150], Loss: 0.1849
Epoch [56/150], Loss: 0.1775
Epoch [57/150], Loss: 0.1689
Epoch [58/150], Loss: 0.1678
Epoch [59/150], Loss: 0.1686
Epoch [60/150], Loss: 0.1637
Epoch [61/150], Loss: 0.1876
Epoch [62/150], Loss: 0.1802
Epoch [63/150], Loss: 0.1644
Epoch [64/150], Loss: 0.1718
Epoch [65/150], Loss: 0.1675
Epoch [66/150], Loss: 0.1777
Epoch [67/150], Loss: 0.1680
Epoch [68/150], Loss: 0.1643
Epoch [69/150], Loss: 0.1674
Epoch [70/150], Loss: 0.1652
Early stopping triggered.

Training completed in 255.18 seconds.

=== Training base model with weight mode 'balanced' ===
+ Start training model with parameters GTCNTrainParams(model_params=GTCNParams(id='base_model', GCN_CLASS=<class 'src.gtcn.gcn.GCNLayerFingerPool'>, TCN_CLASS=<class 'src.gtcn.tcn.TCNLayerLastStep'>, CLASSIFIER_CLASS=<class 'src.gtcn.classifier.RegularClassifier'>, WINDOW_LENGTH=15, GCN_DIMS=[3, 16], GCN_DROPOUT=0.2, TCN_CHANNELS=[64, 64, 64], TCN_KERNEL_SIZE=3, TCN_DILATIONS=[1, 2, 4], TCN_DROPOUT=0.2, DOUBLE_HEAD_BCE_WEIGHT=0.1, PROB_THRESHOLD=0.6), weight_mode='balanced', batch_size=32, learning_rate=0.002, epochs=150)
> Creating GestureDataset with 9674 samples.
> Label weights: [0.3221445 2.050445  2.3463497 2.9529915 0.6986855 1.0525514 3.8176796]
Epoch [1/150], Loss: 1.4964
Epoch [2/150], Loss: 0.9334
Epoch [3/150], Loss: 0.7922
Epoch [4/150], Loss: 0.7282
Epoch [5/150], Loss: 0.6753
Epoch [6/150], Loss: 0.6342
Epoch [7/150], Loss: 0.6211
Epoch [8/150], Loss: 0.5822
Epoch [9/150], Loss: 0.5585
Epoch [10/150], Loss: 0.5475
Epoch [11/150], Loss: 0.5337
Epoch [12/150], Loss: 0.4883
Epoch [13/150], Loss: 0.4774
Epoch [14/150], Loss: 0.4691
Epoch [15/150], Loss: 0.4547
Epoch [16/150], Loss: 0.4519
Epoch [17/150], Loss: 0.4643
Epoch [18/150], Loss: 0.4366
Epoch [19/150], Loss: 0.4361
Epoch [20/150], Loss: 0.4208
Epoch [21/150], Loss: 0.4249
Epoch [22/150], Loss: 0.3975
Epoch [23/150], Loss: 0.3899
Epoch [24/150], Loss: 0.4004
Epoch [25/150], Loss: 0.3908
Epoch [26/150], Loss: 0.3833
Epoch [27/150], Loss: 0.3964
Epoch [28/150], Loss: 0.3818
Epoch [29/150], Loss: 0.3819
Epoch [30/150], Loss: 0.3844
Epoch [31/150], Loss: 0.3721
Epoch [32/150], Loss: 0.3725
Epoch [33/150], Loss: 0.3851
Epoch [34/150], Loss: 0.3722
Epoch [35/150], Loss: 0.3710
Epoch [36/150], Loss: 0.3576
Epoch [37/150], Loss: 0.3486
Epoch [38/150], Loss: 0.3506
Epoch [39/150], Loss: 0.3470
Epoch [40/150], Loss: 0.3431
Epoch [41/150], Loss: 0.3469
Epoch [42/150], Loss: 0.3511
Epoch [43/150], Loss: 0.3408
Epoch [44/150], Loss: 0.3430
Epoch [45/150], Loss: 0.3430
Epoch [46/150], Loss: 0.3383
Epoch [47/150], Loss: 0.3265
Epoch [48/150], Loss: 0.3205
Epoch [49/150], Loss: 0.3353
Epoch [50/150], Loss: 0.3458
Epoch [51/150], Loss: 0.3361
Epoch [52/150], Loss: 0.3193
Epoch [53/150], Loss: 0.3342
Epoch [54/150], Loss: 0.3245
Epoch [55/150], Loss: 0.3282
Epoch [56/150], Loss: 0.3116
Epoch [57/150], Loss: 0.3253
Epoch [58/150], Loss: 0.3190
Epoch [59/150], Loss: 0.3040
Epoch [60/150], Loss: 0.3185
Epoch [61/150], Loss: 0.3115
Epoch [62/150], Loss: 0.3076
Epoch [63/150], Loss: 0.3139
Epoch [64/150], Loss: 0.3175
Epoch [65/150], Loss: 0.3063
Epoch [66/150], Loss: 0.3146
Epoch [67/150], Loss: 0.3109
Epoch [68/150], Loss: 0.3055
Epoch [69/150], Loss: 0.3048
Early stopping triggered.

Training completed in 297.52 seconds.

=== Training model 'base_model' on dataset 'base' ===
+ Start training model with parameters GTCNTrainParams(model_params=GTCNParams(id='base_model', GCN_CLASS=<class 'src.gtcn.gcn.GCNLayerFingerPool'>, TCN_CLASS=<class 'src.gtcn.tcn.TCNLayerLastStep'>, CLASSIFIER_CLASS=<class 'src.gtcn.classifier.RegularClassifier'>, WINDOW_LENGTH=15, GCN_DIMS=[3, 3, 16], GCN_DROPOUT=0.2, TCN_CHANNELS=[64, 64, 64], TCN_KERNEL_SIZE=3, TCN_DILATIONS=[1, 2, 4], TCN_DROPOUT=0.2, DOUBLE_HEAD_BCE_WEIGHT=0.1, PROB_THRESHOLD=0.6), weight_mode='', batch_size=32, learning_rate=0.002, epochs=150)
> Creating GestureDataset with 9674 samples.
> Label weights: [1. 1. 1. 1. 1. 1. 1.]
Epoch [1/150], Loss: 1.3431
Epoch [2/150], Loss: 1.1276
Epoch [3/150], Loss: 1.0187
Epoch [4/150], Loss: 0.9507
Epoch [5/150], Loss: 0.8997
Epoch [6/150], Loss: 0.8564
Epoch [7/150], Loss: 0.8229
Epoch [8/150], Loss: 0.7927
Epoch [9/150], Loss: 0.7666
Epoch [10/150], Loss: 0.7330
Epoch [11/150], Loss: 0.7188
Epoch [12/150], Loss: 0.7097
Epoch [13/150], Loss: 0.6818
Epoch [14/150], Loss: 0.6648
Epoch [15/150], Loss: 0.6504
Epoch [16/150], Loss: 0.6506
Epoch [17/150], Loss: 0.6340
Epoch [18/150], Loss: 0.6199
Epoch [19/150], Loss: 0.6148
Epoch [20/150], Loss: 0.5994
Epoch [21/150], Loss: 0.5862
Epoch [22/150], Loss: 0.5678
Epoch [23/150], Loss: 0.5683
Epoch [24/150], Loss: 0.5539
Epoch [25/150], Loss: 0.5491
Epoch [26/150], Loss: 0.5566
Epoch [27/150], Loss: 0.5414
Epoch [28/150], Loss: 0.5273
Epoch [29/150], Loss: 0.5292
Epoch [30/150], Loss: 0.5182
Epoch [31/150], Loss: 0.5207
Epoch [32/150], Loss: 0.4966
Epoch [33/150], Loss: 0.4991
Epoch [34/150], Loss: 0.5052
Epoch [35/150], Loss: 0.5015
Epoch [36/150], Loss: 0.4919
Epoch [37/150], Loss: 0.4958
Epoch [38/150], Loss: 0.4840
Epoch [39/150], Loss: 0.4781
Epoch [40/150], Loss: 0.4709
Epoch [41/150], Loss: 0.4718
Epoch [42/150], Loss: 0.4630
Epoch [43/150], Loss: 0.4521
Epoch [44/150], Loss: 0.4572
Epoch [45/150], Loss: 0.4489
Epoch [46/150], Loss: 0.4538
Epoch [47/150], Loss: 0.4508
Epoch [48/150], Loss: 0.4504
Epoch [49/150], Loss: 0.4352
Epoch [50/150], Loss: 0.4474
Epoch [51/150], Loss: 0.4245
Epoch [52/150], Loss: 0.4385
Epoch [53/150], Loss: 0.4308
Epoch [54/150], Loss: 0.4173
Epoch [55/150], Loss: 0.4348
Epoch [56/150], Loss: 0.4249
Epoch [57/150], Loss: 0.4236
Epoch [58/150], Loss: 0.4193
Epoch [59/150], Loss: 0.4252
Epoch [60/150], Loss: 0.4131
Epoch [61/150], Loss: 0.4379
Epoch [62/150], Loss: 0.4090
Epoch [63/150], Loss: 0.4061
Epoch [64/150], Loss: 0.4127
Epoch [65/150], Loss: 0.4125
Epoch [66/150], Loss: 0.3977
Epoch [67/150], Loss: 0.4175
Epoch [68/150], Loss: 0.4008
Epoch [69/150], Loss: 0.4012
Epoch [70/150], Loss: 0.4147
Epoch [71/150], Loss: 0.4043
Epoch [72/150], Loss: 0.3965
Epoch [73/150], Loss: 0.3974
Epoch [74/150], Loss: 0.3960
Epoch [75/150], Loss: 0.3908
Epoch [76/150], Loss: 0.3941
Epoch [77/150], Loss: 0.3918
Epoch [78/150], Loss: 0.3952
Epoch [79/150], Loss: 0.4033
Epoch [80/150], Loss: 0.3950
Epoch [81/150], Loss: 0.3898
Epoch [82/150], Loss: 0.3836
Epoch [83/150], Loss: 0.3867
Epoch [84/150], Loss: 0.3971
Epoch [85/150], Loss: 0.3793
Epoch [86/150], Loss: 0.3817
Epoch [87/150], Loss: 0.3801
Epoch [88/150], Loss: 0.3843
Epoch [89/150], Loss: 0.3800
Epoch [90/150], Loss: 0.3767
Epoch [91/150], Loss: 0.3788
Epoch [92/150], Loss: 0.3868
Epoch [93/150], Loss: 0.3826
Epoch [94/150], Loss: 0.3767
Epoch [95/150], Loss: 0.3772
Epoch [96/150], Loss: 0.3826
Epoch [97/150], Loss: 0.3704
Epoch [98/150], Loss: 0.3760
Epoch [99/150], Loss: 0.3685
Epoch [100/150], Loss: 0.3768
Epoch [101/150], Loss: 0.3753
Epoch [102/150], Loss: 0.3731
Epoch [103/150], Loss: 0.3698
Epoch [104/150], Loss: 0.3649
Epoch [105/150], Loss: 0.3664
Epoch [106/150], Loss: 0.3688
Epoch [107/150], Loss: 0.3585
Epoch [108/150], Loss: 0.3673
Epoch [109/150], Loss: 0.3610
Epoch [110/150], Loss: 0.3740
Epoch [111/150], Loss: 0.3580
Epoch [112/150], Loss: 0.3584
Epoch [113/150], Loss: 0.3712
Epoch [114/150], Loss: 0.3613
Epoch [115/150], Loss: 0.3616
Epoch [116/150], Loss: 0.3728
Epoch [117/150], Loss: 0.3602
Epoch [118/150], Loss: 0.3548
Epoch [119/150], Loss: 0.3644
Epoch [120/150], Loss: 0.3452
Epoch [121/150], Loss: 0.3540
Epoch [122/150], Loss: 0.3553
Epoch [123/150], Loss: 0.3462
Epoch [124/150], Loss: 0.3623
Epoch [125/150], Loss: 0.3441
Epoch [126/150], Loss: 0.3656
Epoch [127/150], Loss: 0.3668
Epoch [128/150], Loss: 0.3567
Epoch [129/150], Loss: 0.3540
Epoch [130/150], Loss: 0.3523
Epoch [131/150], Loss: 0.3526
Epoch [132/150], Loss: 0.3444
Epoch [133/150], Loss: 0.3475
Epoch [134/150], Loss: 0.3589
Epoch [135/150], Loss: 0.3570
Early stopping triggered.

Training completed in 603.55 seconds.

=== Training model 'win10_model' on dataset 'win10' ===
+ Start training model with parameters GTCNTrainParams(model_params=GTCNParams(id='win10_model', GCN_CLASS=<class 'src.gtcn.gcn.GCNLayerFingerPool'>, TCN_CLASS=<class 'src.gtcn.tcn.TCNLayerLastStep'>, CLASSIFIER_CLASS=<class 'src.gtcn.classifier.RegularClassifier'>, WINDOW_LENGTH=10, GCN_DIMS=[16], GCN_DROPOUT=0.2, TCN_CHANNELS=[64, 64, 64], TCN_KERNEL_SIZE=3, TCN_DILATIONS=[1, 2, 4], TCN_DROPOUT=0.2, DOUBLE_HEAD_BCE_WEIGHT=0.1, PROB_THRESHOLD=0.6), weight_mode='', batch_size=32, learning_rate=0.002, epochs=150)
> Creating GestureDataset with 8244 samples.
> Label weights: [1. 1. 1. 1. 1. 1. 1.]
Epoch [1/150], Loss: 1.3159
Epoch [2/150], Loss: 0.9252
Epoch [3/150], Loss: 0.7831
Epoch [4/150], Loss: 0.6953
Epoch [5/150], Loss: 0.6633
Epoch [6/150], Loss: 0.6332
Epoch [7/150], Loss: 0.6092
Epoch [8/150], Loss: 0.5671
Epoch [9/150], Loss: 0.5631
Epoch [10/150], Loss: 0.5443
Epoch [11/150], Loss: 0.5230
Epoch [12/150], Loss: 0.5034
Epoch [13/150], Loss: 0.4988
Epoch [14/150], Loss: 0.4832
Epoch [15/150], Loss: 0.4717
Epoch [16/150], Loss: 0.4679
Epoch [17/150], Loss: 0.4677
Epoch [18/150], Loss: 0.4620
Epoch [19/150], Loss: 0.4435
Epoch [20/150], Loss: 0.4263
Epoch [21/150], Loss: 0.4454
Epoch [22/150], Loss: 0.4370
Epoch [23/150], Loss: 0.4272
Epoch [24/150], Loss: 0.4194
Epoch [25/150], Loss: 0.4193
Epoch [26/150], Loss: 0.4139
Epoch [27/150], Loss: 0.4063
Epoch [28/150], Loss: 0.3948
Epoch [29/150], Loss: 0.3961
Epoch [30/150], Loss: 0.4023
Epoch [31/150], Loss: 0.3856
Epoch [32/150], Loss: 0.3963
Epoch [33/150], Loss: 0.3767
Epoch [34/150], Loss: 0.4010
Epoch [35/150], Loss: 0.3781
Epoch [36/150], Loss: 0.3723
Epoch [37/150], Loss: 0.3782
Epoch [38/150], Loss: 0.3803
Epoch [39/150], Loss: 0.3704
Epoch [40/150], Loss: 0.3773
Epoch [41/150], Loss: 0.3678
Epoch [42/150], Loss: 0.3613
Epoch [43/150], Loss: 0.3634
Epoch [44/150], Loss: 0.3493
Epoch [45/150], Loss: 0.3617
Epoch [46/150], Loss: 0.3606
Epoch [47/150], Loss: 0.3540
Epoch [48/150], Loss: 0.3516
Epoch [49/150], Loss: 0.3425
Epoch [50/150], Loss: 0.3493
Epoch [51/150], Loss: 0.3509
Epoch [52/150], Loss: 0.3443
Epoch [53/150], Loss: 0.3592
Epoch [54/150], Loss: 0.3428
Epoch [55/150], Loss: 0.3444
Epoch [56/150], Loss: 0.3378
Epoch [57/150], Loss: 0.3504
Epoch [58/150], Loss: 0.3433
Epoch [59/150], Loss: 0.3379
Epoch [60/150], Loss: 0.3350
Epoch [61/150], Loss: 0.3317
Epoch [62/150], Loss: 0.3425
Epoch [63/150], Loss: 0.3302
Epoch [64/150], Loss: 0.3302
Epoch [65/150], Loss: 0.3201
Epoch [66/150], Loss: 0.3228
Epoch [67/150], Loss: 0.3270
Epoch [68/150], Loss: 0.3269
Epoch [69/150], Loss: 0.3262
Epoch [70/150], Loss: 0.3330
Epoch [71/150], Loss: 0.3234
Epoch [72/150], Loss: 0.3293
Epoch [73/150], Loss: 0.3221
Epoch [74/150], Loss: 0.3361
Epoch [75/150], Loss: 0.3214
Early stopping triggered.

Training completed in 227.11 seconds.

=== Training model 'win30_model' on dataset 'win30' ===
+ Start training model with parameters GTCNTrainParams(model_params=GTCNParams(id='win30_model', GCN_CLASS=<class 'src.gtcn.gcn.GCNLayerFingerPool'>, TCN_CLASS=<class 'src.gtcn.tcn.TCNLayerLastStep'>, CLASSIFIER_CLASS=<class 'src.gtcn.classifier.RegularClassifier'>, WINDOW_LENGTH=30, GCN_DIMS=[16], GCN_DROPOUT=0.2, TCN_CHANNELS=[64, 64, 64, 64], TCN_KERNEL_SIZE=3, TCN_DILATIONS=[1, 2, 4, 8], TCN_DROPOUT=0.2, DOUBLE_HEAD_BCE_WEIGHT=0.1, PROB_THRESHOLD=0.6), weight_mode='', batch_size=32, learning_rate=0.002, epochs=150)
> Creating GestureDataset with 13954 samples.
> Label weights: [1. 1. 1. 1. 1. 1. 1.]
Epoch [1/150], Loss: 0.9964
Epoch [2/150], Loss: 0.6013
Epoch [3/150], Loss: 0.4976
Epoch [4/150], Loss: 0.4590
Epoch [5/150], Loss: 0.4289
Epoch [6/150], Loss: 0.4198
Epoch [7/150], Loss: 0.3709
Epoch [8/150], Loss: 0.3653
Epoch [9/150], Loss: 0.3609
Epoch [10/150], Loss: 0.3359
Epoch [11/150], Loss: 0.3418
Epoch [12/150], Loss: 0.3283
Epoch [13/150], Loss: 0.3059
Epoch [14/150], Loss: 0.2999
Epoch [15/150], Loss: 0.2876
Epoch [16/150], Loss: 0.2888
Epoch [17/150], Loss: 0.2742
Epoch [18/150], Loss: 0.2753
Epoch [19/150], Loss: 0.2808
Epoch [20/150], Loss: 0.2875
Epoch [21/150], Loss: 0.2675
Epoch [22/150], Loss: 0.2666
Epoch [23/150], Loss: 0.2611
Epoch [24/150], Loss: 0.2607
Epoch [25/150], Loss: 0.2473
Epoch [26/150], Loss: 0.2485
Epoch [27/150], Loss: 0.2482
Epoch [28/150], Loss: 0.2464
Epoch [29/150], Loss: 0.2299
Epoch [30/150], Loss: 0.2376
Epoch [31/150], Loss: 0.2526
Epoch [32/150], Loss: 0.2568
Epoch [33/150], Loss: 0.2325
Epoch [34/150], Loss: 0.2248
Epoch [35/150], Loss: 0.2178
Epoch [36/150], Loss: 0.2217
Epoch [37/150], Loss: 0.2209
Epoch [38/150], Loss: 0.2261
Epoch [39/150], Loss: 0.2228
Epoch [40/150], Loss: 0.2249
Epoch [41/150], Loss: 0.2162
Epoch [42/150], Loss: 0.2323
Epoch [43/150], Loss: 0.2150
Epoch [44/150], Loss: 0.2104
Epoch [45/150], Loss: 0.2140
Epoch [46/150], Loss: 0.2001
Epoch [47/150], Loss: 0.2015
Epoch [48/150], Loss: 0.2012
Epoch [49/150], Loss: 0.1935
Epoch [50/150], Loss: 0.1971
Epoch [51/150], Loss: 0.2049
Epoch [52/150], Loss: 0.2093
Epoch [53/150], Loss: 0.1986
Epoch [54/150], Loss: 0.1919
Epoch [55/150], Loss: 0.1880
Epoch [56/150], Loss: 0.1970
Epoch [57/150], Loss: 0.1924
Epoch [58/150], Loss: 0.1850
Epoch [59/150], Loss: 0.1942
Epoch [60/150], Loss: 0.1861
Epoch [61/150], Loss: 0.1967
Epoch [62/150], Loss: 0.2167
Epoch [63/150], Loss: 0.1996
Epoch [64/150], Loss: 0.1948
Epoch [65/150], Loss: 0.1802
Epoch [66/150], Loss: 0.1861
Epoch [67/150], Loss: 0.1888
Epoch [68/150], Loss: 0.1814
Epoch [69/150], Loss: 0.2177
Epoch [70/150], Loss: 0.1854
Epoch [71/150], Loss: 0.1761
Epoch [72/150], Loss: 0.1801
Epoch [73/150], Loss: 0.1751
Epoch [74/150], Loss: 0.1750
Epoch [75/150], Loss: 0.1789
Epoch [76/150], Loss: 0.1914
Epoch [77/150], Loss: 0.1907
Epoch [78/150], Loss: 0.1795
Epoch [79/150], Loss: 0.1704
Epoch [80/150], Loss: 0.1717
Epoch [81/150], Loss: 0.1711
Epoch [82/150], Loss: 0.1767
Epoch [83/150], Loss: 0.1849
Epoch [84/150], Loss: 0.2029
Epoch [85/150], Loss: 0.1723
Epoch [86/150], Loss: 0.1644
Epoch [87/150], Loss: 0.1737
Epoch [88/150], Loss: 0.1814
Epoch [89/150], Loss: 0.1599
Epoch [90/150], Loss: 0.1662
Epoch [91/150], Loss: 0.1823
Epoch [92/150], Loss: 0.1716
Epoch [93/150], Loss: 0.1666
Epoch [94/150], Loss: 0.1755
Epoch [95/150], Loss: 0.1827
Epoch [96/150], Loss: 0.1578
Epoch [97/150], Loss: 0.1609
Epoch [98/150], Loss: 0.1681
Epoch [99/150], Loss: 0.1592
Epoch [100/150], Loss: 0.1627
Epoch [101/150], Loss: 0.1699
Epoch [102/150], Loss: 0.1762
Epoch [103/150], Loss: 0.1828
Epoch [104/150], Loss: 0.1731
Epoch [105/150], Loss: 0.1590
Epoch [106/150], Loss: 0.1549
Epoch [107/150], Loss: 0.1575
Epoch [108/150], Loss: 0.1562
Epoch [109/150], Loss: 0.1597
Epoch [110/150], Loss: 0.1588
Epoch [111/150], Loss: 0.1550
Epoch [112/150], Loss: 0.1635
Epoch [113/150], Loss: 0.1557
Epoch [114/150], Loss: 0.1677
Epoch [115/150], Loss: 0.2040
Epoch [116/150], Loss: 0.1769
Early stopping triggered.

Training completed in 592.53 seconds.

=== Training model 'base_model' on dataset 'peek5' ===
+ Start training model with parameters GTCNTrainParams(model_params=GTCNParams(id='base_model', GCN_CLASS=<class 'src.gtcn.gcn.GCNLayerFingerPool'>, TCN_CLASS=<class 'src.gtcn.tcn.TCNLayerLastStep'>, CLASSIFIER_CLASS=<class 'src.gtcn.classifier.RegularClassifier'>, WINDOW_LENGTH=15, GCN_DIMS=[3, 3, 3, 16], GCN_DROPOUT=0.2, TCN_CHANNELS=[64, 64, 64], TCN_KERNEL_SIZE=3, TCN_DILATIONS=[1, 2, 4], TCN_DROPOUT=0.2, DOUBLE_HEAD_BCE_WEIGHT=0.1, PROB_THRESHOLD=0.6), weight_mode='', batch_size=32, learning_rate=0.002, epochs=150)
> Creating GestureDataset with 9674 samples.
> Label weights: [1. 1. 1. 1. 1. 1. 1.]
Epoch [1/150], Loss: 1.4761
Epoch [2/150], Loss: 1.2543
Epoch [3/150], Loss: 1.1514
Epoch [4/150], Loss: 1.0543
Epoch [5/150], Loss: 0.9605
Epoch [6/150], Loss: 0.8984
Epoch [7/150], Loss: 0.8084
Epoch [8/150], Loss: 0.7641
Epoch [9/150], Loss: 0.7259
Epoch [10/150], Loss: 0.6942
Epoch [11/150], Loss: 0.6734
Epoch [12/150], Loss: 0.6478
Epoch [13/150], Loss: 0.6252
Epoch [14/150], Loss: 0.6126
Epoch [15/150], Loss: 0.6034
Epoch [16/150], Loss: 0.5904
Epoch [17/150], Loss: 0.5745
Epoch [18/150], Loss: 0.5711
Epoch [19/150], Loss: 0.5590
Epoch [20/150], Loss: 0.5527
Epoch [21/150], Loss: 0.5403
Epoch [22/150], Loss: 0.5348
Epoch [23/150], Loss: 0.5218
Epoch [24/150], Loss: 0.5188
Epoch [25/150], Loss: 0.5078
Epoch [26/150], Loss: 0.4992
Epoch [27/150], Loss: 0.4952
Epoch [28/150], Loss: 0.4930
Epoch [29/150], Loss: 0.4822
Epoch [30/150], Loss: 0.4874
Epoch [31/150], Loss: 0.4894
Epoch [32/150], Loss: 0.4652
Epoch [33/150], Loss: 0.4712
Epoch [34/150], Loss: 0.4621
Epoch [35/150], Loss: 0.4575
Epoch [36/150], Loss: 0.4560
Epoch [37/150], Loss: 0.4680
Epoch [38/150], Loss: 0.4575
Epoch [39/150], Loss: 0.4491
Epoch [40/150], Loss: 0.4488
Epoch [41/150], Loss: 0.4433
Epoch [42/150], Loss: 0.4439
Epoch [43/150], Loss: 0.4396
Epoch [44/150], Loss: 0.4492
Epoch [45/150], Loss: 0.4426
Epoch [46/150], Loss: 0.4290
Epoch [47/150], Loss: 0.4377
Epoch [48/150], Loss: 0.4359
Epoch [49/150], Loss: 0.4246
Epoch [50/150], Loss: 0.4245
Epoch [51/150], Loss: 0.4249
Epoch [52/150], Loss: 0.4232
Epoch [53/150], Loss: 0.4128
Epoch [54/150], Loss: 0.4175
Epoch [55/150], Loss: 0.4172
Epoch [56/150], Loss: 0.4126
Epoch [57/150], Loss: 0.4070
Epoch [58/150], Loss: 0.4050
Epoch [59/150], Loss: 0.4073
Epoch [60/150], Loss: 0.3960
Epoch [61/150], Loss: 0.4074
Epoch [62/150], Loss: 0.3981
Epoch [63/150], Loss: 0.3977
Epoch [64/150], Loss: 0.3964
Epoch [65/150], Loss: 0.3882
Epoch [66/150], Loss: 0.3917
Epoch [67/150], Loss: 0.4086
Epoch [68/150], Loss: 0.3897
Epoch [69/150], Loss: 0.3983
Epoch [70/150], Loss: 0.3819
Epoch [71/150], Loss: 0.3960
Epoch [72/150], Loss: 0.3903
Epoch [73/150], Loss: 0.3918
Epoch [74/150], Loss: 0.3840
Epoch [75/150], Loss: 0.3879
Epoch [76/150], Loss: 0.3800
Epoch [77/150], Loss: 0.3755
Epoch [78/150], Loss: 0.3867
Epoch [79/150], Loss: 0.3906
Epoch [80/150], Loss: 0.3866
Epoch [81/150], Loss: 0.3641
Epoch [82/150], Loss: 0.3791
Epoch [83/150], Loss: 0.3849
Epoch [84/150], Loss: 0.3759
Epoch [85/150], Loss: 0.3818
Epoch [86/150], Loss: 0.3723
Epoch [87/150], Loss: 0.3847
Epoch [88/150], Loss: 0.3771
Epoch [89/150], Loss: 0.3743
Epoch [90/150], Loss: 0.3798
Epoch [91/150], Loss: 0.3644
Early stopping triggered.

Training completed in 350.70 seconds.

=== Training model 'gcn_nopool_model' on dataset 'base' ===
+ Start training model with parameters GTCNTrainParams(model_params=GTCNParams(id='gcn_nopool_model', GCN_CLASS=<class 'src.gtcn.gcn.GCNLayerNoPool'>, TCN_CLASS=<class 'src.gtcn.tcn.TCNLayerLastStep'>, CLASSIFIER_CLASS=<class 'src.gtcn.classifier.RegularClassifier'>, WINDOW_LENGTH=15, GCN_DIMS=[16], GCN_DROPOUT=0.2, TCN_CHANNELS=[64, 64, 64], TCN_KERNEL_SIZE=3, TCN_DILATIONS=[1, 2, 4], TCN_DROPOUT=0.2, DOUBLE_HEAD_BCE_WEIGHT=0.1, PROB_THRESHOLD=0.6), weight_mode='', batch_size=32, learning_rate=0.002, epochs=150)
> Creating GestureDataset with 9674 samples.
> Label weights: [1. 1. 1. 1. 1. 1. 1.]
Epoch [1/150], Loss: 1.1584
Epoch [2/150], Loss: 0.7532
Epoch [3/150], Loss: 0.6112
Epoch [4/150], Loss: 0.5531
Epoch [5/150], Loss: 0.5211
Epoch [6/150], Loss: 0.4886
Epoch [7/150], Loss: 0.4739
Epoch [8/150], Loss: 0.4608
Epoch [9/150], Loss: 0.4418
Epoch [10/150], Loss: 0.4289
Epoch [11/150], Loss: 0.4242
Epoch [12/150], Loss: 0.4015
Epoch [13/150], Loss: 0.3956
Epoch [14/150], Loss: 0.3886
Epoch [15/150], Loss: 0.3734
Epoch [16/150], Loss: 0.3614
Epoch [17/150], Loss: 0.3676
Epoch [18/150], Loss: 0.3528
Epoch [19/150], Loss: 0.3515
Epoch [20/150], Loss: 0.3376
Epoch [21/150], Loss: 0.3400
Epoch [22/150], Loss: 0.3397
Epoch [23/150], Loss: 0.3234
Epoch [24/150], Loss: 0.3256
Epoch [25/150], Loss: 0.3251
Epoch [26/150], Loss: 0.3162
Epoch [27/150], Loss: 0.3163
Epoch [28/150], Loss: 0.3078
Epoch [29/150], Loss: 0.3121
Epoch [30/150], Loss: 0.2991
Epoch [31/150], Loss: 0.3058
Epoch [32/150], Loss: 0.3071
Epoch [33/150], Loss: 0.2912
Epoch [34/150], Loss: 0.2847
Epoch [35/150], Loss: 0.2955
Epoch [36/150], Loss: 0.2954
Epoch [37/150], Loss: 0.2816
Epoch [38/150], Loss: 0.2866
Epoch [39/150], Loss: 0.2757
Epoch [40/150], Loss: 0.2705
Epoch [41/150], Loss: 0.2784
Epoch [42/150], Loss: 0.2723
Epoch [43/150], Loss: 0.2672
Epoch [44/150], Loss: 0.2766
Epoch [45/150], Loss: 0.2616
Epoch [46/150], Loss: 0.2564
Epoch [47/150], Loss: 0.2593
Epoch [48/150], Loss: 0.2544
Epoch [49/150], Loss: 0.2676
Epoch [50/150], Loss: 0.2640
Epoch [51/150], Loss: 0.2634
Epoch [52/150], Loss: 0.2624
Epoch [53/150], Loss: 0.2577
Epoch [54/150], Loss: 0.2506
Epoch [55/150], Loss: 0.2577
Epoch [56/150], Loss: 0.2505
Epoch [57/150], Loss: 0.2496
Epoch [58/150], Loss: 0.2551
Epoch [59/150], Loss: 0.2465
Epoch [60/150], Loss: 0.2467
Epoch [61/150], Loss: 0.2419
Epoch [62/150], Loss: 0.2498
Epoch [63/150], Loss: 0.2404
Epoch [64/150], Loss: 0.2458
Epoch [65/150], Loss: 0.2412
Epoch [66/150], Loss: 0.2413
Epoch [67/150], Loss: 0.2466
Epoch [68/150], Loss: 0.2332
Epoch [69/150], Loss: 0.2363
Epoch [70/150], Loss: 0.2306
Epoch [71/150], Loss: 0.2351
Epoch [72/150], Loss: 0.2402
Epoch [73/150], Loss: 0.2298
Epoch [74/150], Loss: 0.2292
Epoch [75/150], Loss: 0.2296
Epoch [76/150], Loss: 0.2201
Epoch [77/150], Loss: 0.2316
Epoch [78/150], Loss: 0.2226
Epoch [79/150], Loss: 0.2249
Epoch [80/150], Loss: 0.2219
Epoch [81/150], Loss: 0.2260
Epoch [82/150], Loss: 0.2254
Epoch [83/150], Loss: 0.2131
Epoch [84/150], Loss: 0.2195
Epoch [85/150], Loss: 0.2247
Epoch [86/150], Loss: 0.2109
Epoch [87/150], Loss: 0.2193
Epoch [88/150], Loss: 0.2282
Epoch [89/150], Loss: 0.2187
Epoch [90/150], Loss: 0.2225
Epoch [91/150], Loss: 0.2184
Epoch [92/150], Loss: 0.2162
Epoch [93/150], Loss: 0.2105
Epoch [94/150], Loss: 0.2158
Epoch [95/150], Loss: 0.2210
Epoch [96/150], Loss: 0.2119
Epoch [97/150], Loss: 0.2062
Epoch [98/150], Loss: 0.2219
Epoch [99/150], Loss: 0.2184
Epoch [100/150], Loss: 0.2059
Epoch [101/150], Loss: 0.2090
Epoch [102/150], Loss: 0.2186
Epoch [103/150], Loss: 0.2065
Epoch [104/150], Loss: 0.2182
Epoch [105/150], Loss: 0.2047
Epoch [106/150], Loss: 0.2164
Epoch [107/150], Loss: 0.2095
Epoch [108/150], Loss: 0.1983
Epoch [109/150], Loss: 0.2132
Epoch [110/150], Loss: 0.1998
Epoch [111/150], Loss: 0.2016
Epoch [112/150], Loss: 0.2028
Epoch [113/150], Loss: 0.2001
Epoch [114/150], Loss: 0.2014
Epoch [115/150], Loss: 0.2072
Epoch [116/150], Loss: 0.2043
Epoch [117/150], Loss: 0.1974
Epoch [118/150], Loss: 0.1984
Epoch [119/150], Loss: 0.2089
Epoch [120/150], Loss: 0.2064
Epoch [121/150], Loss: 0.1991
Epoch [122/150], Loss: 0.2002
Epoch [123/150], Loss: 0.1958
Epoch [124/150], Loss: 0.1970
Epoch [125/150], Loss: 0.2003
Epoch [126/150], Loss: 0.1898
Epoch [127/150], Loss: 0.1860
Epoch [128/150], Loss: 0.1934
Epoch [129/150], Loss: 0.1996
Epoch [130/150], Loss: 0.1957
Epoch [131/150], Loss: 0.1913
Epoch [132/150], Loss: 0.1988
Epoch [133/150], Loss: 0.1977
Epoch [134/150], Loss: 0.1902
Epoch [135/150], Loss: 0.1961
Epoch [136/150], Loss: 0.1954
Epoch [137/150], Loss: 0.1939
Early stopping triggered.

Training completed in 425.85 seconds.

=== Training model 'tcn_meanpool_model' on dataset 'base' ===
+ Start training model with parameters GTCNTrainParams(model_params=GTCNParams(id='tcn_meanpool_model', GCN_CLASS=<class 'src.gtcn.gcn.GCNLayerFingerPool'>, TCN_CLASS=<class 'src.gtcn.tcn.TCNLayerMeanPool'>, CLASSIFIER_CLASS=<class 'src.gtcn.classifier.RegularClassifier'>, WINDOW_LENGTH=15, GCN_DIMS=[16], GCN_DROPOUT=0.2, TCN_CHANNELS=[64, 64, 64], TCN_KERNEL_SIZE=3, TCN_DILATIONS=[1, 2, 4], TCN_DROPOUT=0.2, DOUBLE_HEAD_BCE_WEIGHT=0.1, PROB_THRESHOLD=0.6), weight_mode='', batch_size=32, learning_rate=0.002, epochs=150)
> Creating GestureDataset with 9674 samples.
> Label weights: [1. 1. 1. 1. 1. 1. 1.]
Epoch [1/150], Loss: 1.0979
Epoch [2/150], Loss: 0.7329
Epoch [3/150], Loss: 0.6105
Epoch [4/150], Loss: 0.5663
Epoch [5/150], Loss: 0.5213
Epoch [6/150], Loss: 0.4936
Epoch [7/150], Loss: 0.4710
Epoch [8/150], Loss: 0.4592
Epoch [9/150], Loss: 0.4419
Epoch [10/150], Loss: 0.4109
Epoch [11/150], Loss: 0.4157
Epoch [12/150], Loss: 0.3995
Epoch [13/150], Loss: 0.3965
Epoch [14/150], Loss: 0.3715
Epoch [15/150], Loss: 0.3640
Epoch [16/150], Loss: 0.3598
Epoch [17/150], Loss: 0.3541
Epoch [18/150], Loss: 0.3517
Epoch [19/150], Loss: 0.3332
Epoch [20/150], Loss: 0.3340
Epoch [21/150], Loss: 0.3265
Epoch [22/150], Loss: 0.3209
Epoch [23/150], Loss: 0.3222
Epoch [24/150], Loss: 0.3112
Epoch [25/150], Loss: 0.3207
Epoch [26/150], Loss: 0.3054
Epoch [27/150], Loss: 0.2997
Epoch [28/150], Loss: 0.2929
Epoch [29/150], Loss: 0.3025
Epoch [30/150], Loss: 0.2915
Epoch [31/150], Loss: 0.2802
Epoch [32/150], Loss: 0.2832
Epoch [33/150], Loss: 0.2704
Epoch [34/150], Loss: 0.2714
Epoch [35/150], Loss: 0.2681
Epoch [36/150], Loss: 0.2720
Epoch [37/150], Loss: 0.2737
Epoch [38/150], Loss: 0.2628
Epoch [39/150], Loss: 0.2535
Epoch [40/150], Loss: 0.2641
Epoch [41/150], Loss: 0.2544
Epoch [42/150], Loss: 0.2548
Epoch [43/150], Loss: 0.2493
Epoch [44/150], Loss: 0.2574
Epoch [45/150], Loss: 0.2503
Epoch [46/150], Loss: 0.2457
Epoch [47/150], Loss: 0.2405
Epoch [48/150], Loss: 0.2428
Epoch [49/150], Loss: 0.2444
Epoch [50/150], Loss: 0.2441
Epoch [51/150], Loss: 0.2381
Epoch [52/150], Loss: 0.2396
Epoch [53/150], Loss: 0.2264
Epoch [54/150], Loss: 0.2323
Epoch [55/150], Loss: 0.2423
Epoch [56/150], Loss: 0.2232
Epoch [57/150], Loss: 0.2268
Epoch [58/150], Loss: 0.2251
Epoch [59/150], Loss: 0.2280
Epoch [60/150], Loss: 0.2247
Epoch [61/150], Loss: 0.2247
Epoch [62/150], Loss: 0.2234
Epoch [63/150], Loss: 0.2314
Epoch [64/150], Loss: 0.2234
Epoch [65/150], Loss: 0.2181
Epoch [66/150], Loss: 0.2171
Epoch [67/150], Loss: 0.2247
Epoch [68/150], Loss: 0.2184
Epoch [69/150], Loss: 0.2104
Epoch [70/150], Loss: 0.2138
Epoch [71/150], Loss: 0.2149
Epoch [72/150], Loss: 0.2051
Epoch [73/150], Loss: 0.2058
Epoch [74/150], Loss: 0.2102
Epoch [75/150], Loss: 0.2064
Epoch [76/150], Loss: 0.2036
Epoch [77/150], Loss: 0.2052
Epoch [78/150], Loss: 0.2117
Epoch [79/150], Loss: 0.1986
Epoch [80/150], Loss: 0.1963
Epoch [81/150], Loss: 0.2118
Epoch [82/150], Loss: 0.2070
Epoch [83/150], Loss: 0.2012
Epoch [84/150], Loss: 0.2105
Epoch [85/150], Loss: 0.2033
Epoch [86/150], Loss: 0.2043
Epoch [87/150], Loss: 0.2000
Epoch [88/150], Loss: 0.2043
Epoch [89/150], Loss: 0.1929
Epoch [90/150], Loss: 0.2047
Epoch [91/150], Loss: 0.2002
Epoch [92/150], Loss: 0.2027
Epoch [93/150], Loss: 0.1951
Epoch [94/150], Loss: 0.1987
Epoch [95/150], Loss: 0.1893
Epoch [96/150], Loss: 0.1984
Epoch [97/150], Loss: 0.1967
Epoch [98/150], Loss: 0.1914
Epoch [99/150], Loss: 0.1862
Epoch [100/150], Loss: 0.1973
Epoch [101/150], Loss: 0.1900
Epoch [102/150], Loss: 0.2032
Epoch [103/150], Loss: 0.1860
Epoch [104/150], Loss: 0.1889
Epoch [105/150], Loss: 0.1810
Epoch [106/150], Loss: 0.1920
Epoch [107/150], Loss: 0.1871
Epoch [108/150], Loss: 0.1957
Epoch [109/150], Loss: 0.1875
Epoch [110/150], Loss: 0.1848
Epoch [111/150], Loss: 0.1771
Epoch [112/150], Loss: 0.1849
Epoch [113/150], Loss: 0.1824
Epoch [114/150], Loss: 0.1755
Epoch [115/150], Loss: 0.1912
Epoch [116/150], Loss: 0.1870
Epoch [117/150], Loss: 0.1822
Epoch [118/150], Loss: 0.1813
Epoch [119/150], Loss: 0.1813
Epoch [120/150], Loss: 0.1771
Epoch [121/150], Loss: 0.1817
Epoch [122/150], Loss: 0.1789
Epoch [123/150], Loss: 0.1788
Epoch [124/150], Loss: 0.1798
Early stopping triggered.

Training completed in 437.48 seconds.

=== Training model 'tcn_weightpool_model' on dataset 'base' ===
+ Start training model with parameters GTCNTrainParams(model_params=GTCNParams(id='tcn_weightpool_model', GCN_CLASS=<class 'src.gtcn.gcn.GCNLayerFingerPool'>, TCN_CLASS=<class 'src.gtcn.tcn.TCNLayerWeightPool'>, CLASSIFIER_CLASS=<class 'src.gtcn.classifier.RegularClassifier'>, WINDOW_LENGTH=15, GCN_DIMS=[16], GCN_DROPOUT=0.2, TCN_CHANNELS=[64, 64, 64], TCN_KERNEL_SIZE=3, TCN_DILATIONS=[1, 2, 4], TCN_DROPOUT=0.2, DOUBLE_HEAD_BCE_WEIGHT=0.1, PROB_THRESHOLD=0.6), weight_mode='', batch_size=32, learning_rate=0.002, epochs=150)
> Creating GestureDataset with 9674 samples.
> Label weights: [1. 1. 1. 1. 1. 1. 1.]
Epoch [1/150], Loss: 1.0736
Epoch [2/150], Loss: 0.7271
Epoch [3/150], Loss: 0.6201
Epoch [4/150], Loss: 0.5702
Epoch [5/150], Loss: 0.5085
Epoch [6/150], Loss: 0.4866
Epoch [7/150], Loss: 0.4517
Epoch [8/150], Loss: 0.4365
Epoch [9/150], Loss: 0.4203
Epoch [10/150], Loss: 0.4043
Epoch [11/150], Loss: 0.3836
Epoch [12/150], Loss: 0.3684
Epoch [13/150], Loss: 0.3742
Epoch [14/150], Loss: 0.3606
Epoch [15/150], Loss: 0.3366
Epoch [16/150], Loss: 0.3432
Epoch [17/150], Loss: 0.3287
Epoch [18/150], Loss: 0.3193
Epoch [19/150], Loss: 0.3144
Epoch [20/150], Loss: 0.3179
Epoch [21/150], Loss: 0.2996
Epoch [22/150], Loss: 0.2997
Epoch [23/150], Loss: 0.2936
Epoch [24/150], Loss: 0.2855
Epoch [25/150], Loss: 0.2861
Epoch [26/150], Loss: 0.2826
Epoch [27/150], Loss: 0.2848
Epoch [28/150], Loss: 0.2865
Epoch [29/150], Loss: 0.2706
Epoch [30/150], Loss: 0.2729
Epoch [31/150], Loss: 0.2656
Epoch [32/150], Loss: 0.2577
Epoch [33/150], Loss: 0.2590
Epoch [34/150], Loss: 0.2594
Epoch [35/150], Loss: 0.2581
Epoch [36/150], Loss: 0.2580
Epoch [37/150], Loss: 0.2504
Epoch [38/150], Loss: 0.2459
Epoch [39/150], Loss: 0.2484
Epoch [40/150], Loss: 0.2434
Epoch [41/150], Loss: 0.2369
Epoch [42/150], Loss: 0.2509
Epoch [43/150], Loss: 0.2419
Epoch [44/150], Loss: 0.2303
Epoch [45/150], Loss: 0.2272
Epoch [46/150], Loss: 0.2324
Epoch [47/150], Loss: 0.2348
Epoch [48/150], Loss: 0.2308
Epoch [49/150], Loss: 0.2285
Epoch [50/150], Loss: 0.2359
Epoch [51/150], Loss: 0.2298
Epoch [52/150], Loss: 0.2168
Epoch [53/150], Loss: 0.2211
Epoch [54/150], Loss: 0.2204
Epoch [55/150], Loss: 0.2223
Epoch [56/150], Loss: 0.2140
Epoch [57/150], Loss: 0.2199
Epoch [58/150], Loss: 0.2182
Epoch [59/150], Loss: 0.2151
Epoch [60/150], Loss: 0.2183
Epoch [61/150], Loss: 0.2144
Epoch [62/150], Loss: 0.2142
Epoch [63/150], Loss: 0.2044
Epoch [64/150], Loss: 0.2034
Epoch [65/150], Loss: 0.2089
Epoch [66/150], Loss: 0.2052
Epoch [67/150], Loss: 0.2013
Epoch [68/150], Loss: 0.2104
Epoch [69/150], Loss: 0.1961
Epoch [70/150], Loss: 0.1937
Epoch [71/150], Loss: 0.1985
Epoch [72/150], Loss: 0.1998
Epoch [73/150], Loss: 0.1932
Epoch [74/150], Loss: 0.2056
Epoch [75/150], Loss: 0.1960
Epoch [76/150], Loss: 0.2028
Epoch [77/150], Loss: 0.1939
Epoch [78/150], Loss: 0.1858
Epoch [79/150], Loss: 0.1948
Epoch [80/150], Loss: 0.1993
Epoch [81/150], Loss: 0.1908
Epoch [82/150], Loss: 0.1917
Epoch [83/150], Loss: 0.1961
Epoch [84/150], Loss: 0.1802
Epoch [85/150], Loss: 0.1880
Epoch [86/150], Loss: 0.1950
Epoch [87/150], Loss: 0.1900
Epoch [88/150], Loss: 0.1952
Epoch [89/150], Loss: 0.1898
Epoch [90/150], Loss: 0.1829
Epoch [91/150], Loss: 0.1955
Epoch [92/150], Loss: 0.1864
Epoch [93/150], Loss: 0.1946
Epoch [94/150], Loss: 0.1790
Epoch [95/150], Loss: 0.1715
Epoch [96/150], Loss: 0.1862
Epoch [97/150], Loss: 0.1811
Epoch [98/150], Loss: 0.1893
Epoch [99/150], Loss: 0.1792
Epoch [100/150], Loss: 0.1958
Epoch [101/150], Loss: 0.1710
Epoch [102/150], Loss: 0.1893
Epoch [103/150], Loss: 0.1810
Epoch [104/150], Loss: 0.1897
Epoch [105/150], Loss: 0.1849
Epoch [106/150], Loss: 0.1761
Epoch [107/150], Loss: 0.1767
Epoch [108/150], Loss: 0.1799
Epoch [109/150], Loss: 0.1713
Epoch [110/150], Loss: 0.1798
Epoch [111/150], Loss: 0.1825
Early stopping triggered.

Training completed in 391.48 seconds.

=== Training model 'doublehead_classifier_model' on dataset 'base' ===
+ Start training model with parameters GTCNTrainParams(model_params=GTCNParams(id='doublehead_classifier_model', GCN_CLASS=<class 'src.gtcn.gcn.GCNLayerFingerPool'>, TCN_CLASS=<class 'src.gtcn.tcn.TCNLayerLastStep'>, CLASSIFIER_CLASS=<class 'src.gtcn.classifier.DoubleHeadClassifier'>, WINDOW_LENGTH=15, GCN_DIMS=[16], GCN_DROPOUT=0.2, TCN_CHANNELS=[64, 64, 64], TCN_KERNEL_SIZE=3, TCN_DILATIONS=[1, 2, 4], TCN_DROPOUT=0.2, DOUBLE_HEAD_BCE_WEIGHT=0.1, PROB_THRESHOLD=0.6), weight_mode='', batch_size=32, learning_rate=0.002, epochs=150)
> Creating GestureDataset with 9674 samples.
> Label weights: [1. 1. 1. 1. 1. 1. 1.]
Epoch [1/150], Loss: 1.0183
Epoch [2/150], Loss: 0.5259
Epoch [3/150], Loss: 0.3809
Epoch [4/150], Loss: 0.3131
Epoch [5/150], Loss: 0.2797
Epoch [6/150], Loss: 0.2618
Epoch [7/150], Loss: 0.2261
Epoch [8/150], Loss: 0.2050
Epoch [9/150], Loss: 0.2173
Epoch [10/150], Loss: 0.1932
Epoch [11/150], Loss: 0.1943
Epoch [12/150], Loss: 0.1826
Epoch [13/150], Loss: 0.1667
Epoch [14/150], Loss: 0.1795
Epoch [15/150], Loss: 0.1715
Epoch [16/150], Loss: 0.1473
Epoch [17/150], Loss: 0.1413
Epoch [18/150], Loss: 0.1287
Epoch [19/150], Loss: 0.1628
Epoch [20/150], Loss: 0.1496
Epoch [21/150], Loss: 0.1438
Epoch [22/150], Loss: 0.1436
Epoch [23/150], Loss: 0.1271
Epoch [24/150], Loss: 0.1201
Epoch [25/150], Loss: 0.1309
Epoch [26/150], Loss: 0.1249
Epoch [27/150], Loss: 0.1155
Epoch [28/150], Loss: 0.1210
Epoch [29/150], Loss: 0.1202
Epoch [30/150], Loss: 0.1322
Epoch [31/150], Loss: 0.1025
Epoch [32/150], Loss: 0.0988
Epoch [33/150], Loss: 0.1107
Epoch [34/150], Loss: 0.1101
Epoch [35/150], Loss: 0.1077
Epoch [36/150], Loss: 0.1037
Epoch [37/150], Loss: 0.1047
Epoch [38/150], Loss: 0.0888
Epoch [39/150], Loss: 0.1063
Epoch [40/150], Loss: 0.1000
Epoch [41/150], Loss: 0.1039
Epoch [42/150], Loss: 0.1100
Epoch [43/150], Loss: 0.0986
Epoch [44/150], Loss: 0.0985
Epoch [45/150], Loss: 0.0919
Epoch [46/150], Loss: 0.0929
Epoch [47/150], Loss: 0.0935
Epoch [48/150], Loss: 0.0939
Early stopping triggered.

Training completed in 196.86 seconds.

=== Training model 'probthreshold_classifier_model' on dataset 'base' ===
+ Start training model with parameters GTCNTrainParams(model_params=GTCNParams(id='probthreshold_classifier_model', GCN_CLASS=<class 'src.gtcn.gcn.GCNLayerFingerPool'>, TCN_CLASS=<class 'src.gtcn.tcn.TCNLayerLastStep'>, CLASSIFIER_CLASS=<class 'src.gtcn.classifier.ProbThresholdClassifier'>, WINDOW_LENGTH=15, GCN_DIMS=[16], GCN_DROPOUT=0.2, TCN_CHANNELS=[64, 64, 64], TCN_KERNEL_SIZE=3, TCN_DILATIONS=[1, 2, 4], TCN_DROPOUT=0.2, DOUBLE_HEAD_BCE_WEIGHT=0.1, PROB_THRESHOLD=0.6), weight_mode='', batch_size=32, learning_rate=0.002, epochs=150)
> Creating GestureDataset with 9674 samples.
> Label weights: [1. 1. 1. 1. 1. 1. 1.]
Epoch [1/150], Loss: 0.9560
Epoch [2/150], Loss: 0.4819
Epoch [3/150], Loss: 0.3320
Epoch [4/150], Loss: 0.2887
Epoch [5/150], Loss: 0.2446
Epoch [6/150], Loss: 0.2038
Epoch [7/150], Loss: 0.1741
Epoch [8/150], Loss: 0.1763
Epoch [9/150], Loss: 0.1424
Epoch [10/150], Loss: 0.1382
Epoch [11/150], Loss: 0.1306
Epoch [12/150], Loss: 0.1181
Epoch [13/150], Loss: 0.1086
Epoch [14/150], Loss: 0.1058
Epoch [15/150], Loss: 0.1174
Epoch [16/150], Loss: 0.0970
Epoch [17/150], Loss: 0.0810
Epoch [18/150], Loss: 0.0984
Epoch [19/150], Loss: 0.0805
Epoch [20/150], Loss: 0.0832
Epoch [21/150], Loss: 0.0847
Epoch [22/150], Loss: 0.0699
Epoch [23/150], Loss: 0.0917
Epoch [24/150], Loss: 0.0700
Epoch [25/150], Loss: 0.0817
Epoch [26/150], Loss: 0.0724
Epoch [27/150], Loss: 0.0673
Epoch [28/150], Loss: 0.0603
Epoch [29/150], Loss: 0.0598
Epoch [30/150], Loss: 0.0684
Epoch [31/150], Loss: 0.0601
Epoch [32/150], Loss: 0.0753
Epoch [33/150], Loss: 0.0567
Epoch [34/150], Loss: 0.0494
Epoch [35/150], Loss: 0.0508
Epoch [36/150], Loss: 0.0643
Epoch [37/150], Loss: 0.0532
Epoch [38/150], Loss: 0.0657
Epoch [39/150], Loss: 0.0637
Epoch [40/150], Loss: 0.0511
Epoch [41/150], Loss: 0.0448
Epoch [42/150], Loss: 0.0685
Epoch [43/150], Loss: 0.0467
Epoch [44/150], Loss: 0.0507
Epoch [45/150], Loss: 0.0446
Epoch [46/150], Loss: 0.0441
Epoch [47/150], Loss: 0.0440
Epoch [48/150], Loss: 0.0528
Epoch [49/150], Loss: 0.0486
Epoch [50/150], Loss: 0.0543
Epoch [51/150], Loss: 0.0413
Epoch [52/150], Loss: 0.0412
Epoch [53/150], Loss: 0.0394
Epoch [54/150], Loss: 0.0301
Epoch [55/150], Loss: 0.0470
Epoch [56/150], Loss: 0.0351
Epoch [57/150], Loss: 0.0410
Epoch [58/150], Loss: 0.0374
Epoch [59/150], Loss: 0.0382
Epoch [60/150], Loss: 0.0435
Epoch [61/150], Loss: 0.0334
Epoch [62/150], Loss: 0.0295
Epoch [63/150], Loss: 0.0364
Epoch [64/150], Loss: 0.0374
Epoch [65/150], Loss: 0.0354
Epoch [66/150], Loss: 0.0367
Epoch [67/150], Loss: 0.0344
Epoch [68/150], Loss: 0.0353
Epoch [69/150], Loss: 0.0467
Epoch [70/150], Loss: 0.0397
Epoch [71/150], Loss: 0.0279
Epoch [72/150], Loss: 0.0411
Epoch [73/150], Loss: 0.0315
Epoch [74/150], Loss: 0.0264
Epoch [75/150], Loss: 0.0467
Epoch [76/150], Loss: 0.0417
Epoch [77/150], Loss: 0.0227
Epoch [78/150], Loss: 0.0372
Epoch [79/150], Loss: 0.0310
Epoch [80/150], Loss: 0.0288
Epoch [81/150], Loss: 0.0329
Epoch [82/150], Loss: 0.0293
Epoch [83/150], Loss: 0.0409
Epoch [84/150], Loss: 0.0238
Epoch [85/150], Loss: 0.0310
Epoch [86/150], Loss: 0.0377
Epoch [87/150], Loss: 0.0302
Early stopping triggered.

Training completed in 316.75 seconds.
