
================================================================================
EVALUATION REPORT OF FINAL
================================================================================
True Positive Rate: 0.4965, False Positive Rate: 0.1873, Jaccard Index: 0.3369
Classification Report:
              precision    recall  f1-score   support

        NONE       0.63      0.82      0.71      2775
        GRAB       0.30      0.12      0.17       453
       PINCH       0.90      0.53      0.67       608
         TAP       0.64      0.46      0.54       421
        DENY       0.86      0.93      0.90      1249
        KNOB       0.85      0.80      0.82      1207
      EXPAND       0.90      0.36      0.51       358

    accuracy                           0.72      7071
   macro avg       0.73      0.57      0.62      7071
weighted avg       0.73      0.72      0.70      7071

Confusion Matrix:
[[2271   75   35   78  164  138   14]
 [ 375   53    0    0    0   25    0]
 [ 271   14  323    0    0    0    0]
 [ 198    5    0  195   23    0    0]
 [  49    0    0   34 1166    0    0]
 [ 241    5    0    0    0  961    0]
 [ 202   27    0    0    0    0  129]]
